====================================================================================================
C5.1b CURRENT-DATA WAVEFIELD SMOKE GENERATOR
====================================================================================================
input root       = /home/featurize/work/USCT_repro/USCT_download/self_consistent_cbs/sparse_64_dobs_train300_test50
output root      = /home/featurize/work/USCT_repro/USCT_download/c5_wavefield_data/smoke64src_train20_val5
source positions = [0, 1, 2, 3, 4, 5, 6, 7, 8, 9, 10, 11, 12, 13, 14, 15, 16, 17, 18, 19, 20, 21, 22, 23, 24, 25, 26, 27, 28, 29, 30, 31, 32, 33, 34, 35, 36, 37, 38, 39, 40, 41, 42, 43, 44, 45, 46, 47, 48, 49, 50, 51, 52, 53, 54, 55, 56, 57, 58, 59, 60, 61, 62, 63]
frequency        = 500000.0
CBS iters        = 80
PML              = PML3 300 225.0

====================================================================================================
[001/020] train_1.npz
sources = [0, 1, 2, 3, 4, 5, 6, 7, 8, 9, 10, 11, 12, 13, 14, 15, 16, 17, 18, 19, 20, 21, 22, 23, 24, 25, 26, 27, 28, 29, 30, 31, 32, 33, 34, 35, 36, 37, 38, 39, 40, 41, 42, 43, 44, 45, 46, 47, 48, 49, 50, 51, 52, 53, 54, 55, 56, 57, 58, 59, 60, 61, 62, 63]
receiver alignment RRMSE = 2.0494825037e-07
saved = /home/featurize/work/USCT_repro/USCT_download/c5_wavefield_data/smoke64src_train20_val5/train/train_1.npz
wavefields shape = (64, 480, 480)

====================================================================================================
[002/020] train_2.npz
sources = [0, 1, 2, 3, 4, 5, 6, 7, 8, 9, 10, 11, 12, 13, 14, 15, 16, 17, 18, 19, 20, 21, 22, 23, 24, 25, 26, 27, 28, 29, 30, 31, 32, 33, 34, 35, 36, 37, 38, 39, 40, 41, 42, 43, 44, 45, 46, 47, 48, 49, 50, 51, 52, 53, 54, 55, 56, 57, 58, 59, 60, 61, 62, 63]
receiver alignment RRMSE = 2.0328323558e-07
saved = /home/featurize/work/USCT_repro/USCT_download/c5_wavefield_data/smoke64src_train20_val5/train/train_2.npz
wavefields shape = (64, 480, 480)

====================================================================================================
[003/020] train_3.npz
sources = [0, 1, 2, 3, 4, 5, 6, 7, 8, 9, 10, 11, 12, 13, 14, 15, 16, 17, 18, 19, 20, 21, 22, 23, 24, 25, 26, 27, 28, 29, 30, 31, 32, 33, 34, 35, 36, 37, 38, 39, 40, 41, 42, 43, 44, 45, 46, 47, 48, 49, 50, 51, 52, 53, 54, 55, 56, 57, 58, 59, 60, 61, 62, 63]
receiver alignment RRMSE = 1.0508158965e-07
saved = /home/featurize/work/USCT_repro/USCT_download/c5_wavefield_data/smoke64src_train20_val5/train/train_3.npz
wavefields shape = (64, 480, 480)

====================================================================================================
[004/020] train_4.npz
sources = [0, 1, 2, 3, 4, 5, 6, 7, 8, 9, 10, 11, 12, 13, 14, 15, 16, 17, 18, 19, 20, 21, 22, 23, 24, 25, 26, 27, 28, 29, 30, 31, 32, 33, 34, 35, 36, 37, 38, 39, 40, 41, 42, 43, 44, 45, 46, 47, 48, 49, 50, 51, 52, 53, 54, 55, 56, 57, 58, 59, 60, 61, 62, 63]
receiver alignment RRMSE = 1.0116950477e-07
saved = /home/featurize/work/USCT_repro/USCT_download/c5_wavefield_data/smoke64src_train20_val5/train/train_4.npz
wavefields shape = (64, 480, 480)

====================================================================================================
[005/020] train_5.npz
sources = [0, 1, 2, 3, 4, 5, 6, 7, 8, 9, 10, 11, 12, 13, 14, 15, 16, 17, 18, 19, 20, 21, 22, 23, 24, 25, 26, 27, 28, 29, 30, 31, 32, 33, 34, 35, 36, 37, 38, 39, 40, 41, 42, 43, 44, 45, 46, 47, 48, 49, 50, 51, 52, 53, 54, 55, 56, 57, 58, 59, 60, 61, 62, 63]
receiver alignment RRMSE = 9.6269658911e-08
saved = /home/featurize/work/USCT_repro/USCT_download/c5_wavefield_data/smoke64src_train20_val5/train/train_5.npz
wavefields shape = (64, 480, 480)

====================================================================================================
[006/020] train_6.npz
sources = [0, 1, 2, 3, 4, 5, 6, 7, 8, 9, 10, 11, 12, 13, 14, 15, 16, 17, 18, 19, 20, 21, 22, 23, 24, 25, 26, 27, 28, 29, 30, 31, 32, 33, 34, 35, 36, 37, 38, 39, 40, 41, 42, 43, 44, 45, 46, 47, 48, 49, 50, 51, 52, 53, 54, 55, 56, 57, 58, 59, 60, 61, 62, 63]
receiver alignment RRMSE = 1.0233232217e-07
saved = /home/featurize/work/USCT_repro/USCT_download/c5_wavefield_data/smoke64src_train20_val5/train/train_6.npz
wavefields shape = (64, 480, 480)

====================================================================================================
[007/020] train_7.npz
sources = [0, 1, 2, 3, 4, 5, 6, 7, 8, 9, 10, 11, 12, 13, 14, 15, 16, 17, 18, 19, 20, 21, 22, 23, 24, 25, 26, 27, 28, 29, 30, 31, 32, 33, 34, 35, 36, 37, 38, 39, 40, 41, 42, 43, 44, 45, 46, 47, 48, 49, 50, 51, 52, 53, 54, 55, 56, 57, 58, 59, 60, 61, 62, 63]
receiver alignment RRMSE = 9.8184138153e-08
saved = /home/featurize/work/USCT_repro/USCT_download/c5_wavefield_data/smoke64src_train20_val5/train/train_7.npz
wavefields shape = (64, 480, 480)

====================================================================================================
[008/020] train_8.npz
sources = [0, 1, 2, 3, 4, 5, 6, 7, 8, 9, 10, 11, 12, 13, 14, 15, 16, 17, 18, 19, 20, 21, 22, 23, 24, 25, 26, 27, 28, 29, 30, 31, 32, 33, 34, 35, 36, 37, 38, 39, 40, 41, 42, 43, 44, 45, 46, 47, 48, 49, 50, 51, 52, 53, 54, 55, 56, 57, 58, 59, 60, 61, 62, 63]
receiver alignment RRMSE = 1.6489080679e-07
saved = /home/featurize/work/USCT_repro/USCT_download/c5_wavefield_data/smoke64src_train20_val5/train/train_8.npz
wavefields shape = (64, 480, 480)

====================================================================================================
[009/020] train_9.npz
sources = [0, 1, 2, 3, 4, 5, 6, 7, 8, 9, 10, 11, 12, 13, 14, 15, 16, 17, 18, 19, 20, 21, 22, 23, 24, 25, 26, 27, 28, 29, 30, 31, 32, 33, 34, 35, 36, 37, 38, 39, 40, 41, 42, 43, 44, 45, 46, 47, 48, 49, 50, 51, 52, 53, 54, 55, 56, 57, 58, 59, 60, 61, 62, 63]
receiver alignment RRMSE = 9.1632259114e-08
saved = /home/featurize/work/USCT_repro/USCT_download/c5_wavefield_data/smoke64src_train20_val5/train/train_9.npz
wavefields shape = (64, 480, 480)

====================================================================================================
[010/020] train_10.npz
sources = [0, 1, 2, 3, 4, 5, 6, 7, 8, 9, 10, 11, 12, 13, 14, 15, 16, 17, 18, 19, 20, 21, 22, 23, 24, 25, 26, 27, 28, 29, 30, 31, 32, 33, 34, 35, 36, 37, 38, 39, 40, 41, 42, 43, 44, 45, 46, 47, 48, 49, 50, 51, 52, 53, 54, 55, 56, 57, 58, 59, 60, 61, 62, 63]
receiver alignment RRMSE = 9.8620454025e-08
saved = /home/featurize/work/USCT_repro/USCT_download/c5_wavefield_data/smoke64src_train20_val5/train/train_10.npz
wavefields shape = (64, 480, 480)

====================================================================================================
[011/020] train_11.npz
sources = [0, 1, 2, 3, 4, 5, 6, 7, 8, 9, 10, 11, 12, 13, 14, 15, 16, 17, 18, 19, 20, 21, 22, 23, 24, 25, 26, 27, 28, 29, 30, 31, 32, 33, 34, 35, 36, 37, 38, 39, 40, 41, 42, 43, 44, 45, 46, 47, 48, 49, 50, 51, 52, 53, 54, 55, 56, 57, 58, 59, 60, 61, 62, 63]
receiver alignment RRMSE = 1.0036171005e-07
saved = /home/featurize/work/USCT_repro/USCT_download/c5_wavefield_data/smoke64src_train20_val5/train/train_11.npz
wavefields shape = (64, 480, 480)

====================================================================================================
[012/020] train_12.npz
sources = [0, 1, 2, 3, 4, 5, 6, 7, 8, 9, 10, 11, 12, 13, 14, 15, 16, 17, 18, 19, 20, 21, 22, 23, 24, 25, 26, 27, 28, 29, 30, 31, 32, 33, 34, 35, 36, 37, 38, 39, 40, 41, 42, 43, 44, 45, 46, 47, 48, 49, 50, 51, 52, 53, 54, 55, 56, 57, 58, 59, 60, 61, 62, 63]
receiver alignment RRMSE = 2.1928657645e-07
saved = /home/featurize/work/USCT_repro/USCT_download/c5_wavefield_data/smoke64src_train20_val5/train/train_12.npz
wavefields shape = (64, 480, 480)

====================================================================================================
[013/020] train_13.npz
sources = [0, 1, 2, 3, 4, 5, 6, 7, 8, 9, 10, 11, 12, 13, 14, 15, 16, 17, 18, 19, 20, 21, 22, 23, 24, 25, 26, 27, 28, 29, 30, 31, 32, 33, 34, 35, 36, 37, 38, 39, 40, 41, 42, 43, 44, 45, 46, 47, 48, 49, 50, 51, 52, 53, 54, 55, 56, 57, 58, 59, 60, 61, 62, 63]
receiver alignment RRMSE = 2.1251996429e-07
saved = /home/featurize/work/USCT_repro/USCT_download/c5_wavefield_data/smoke64src_train20_val5/train/train_13.npz
wavefields shape = (64, 480, 480)

====================================================================================================
[014/020] train_14.npz
sources = [0, 1, 2, 3, 4, 5, 6, 7, 8, 9, 10, 11, 12, 13, 14, 15, 16, 17, 18, 19, 20, 21, 22, 23, 24, 25, 26, 27, 28, 29, 30, 31, 32, 33, 34, 35, 36, 37, 38, 39, 40, 41, 42, 43, 44, 45, 46, 47, 48, 49, 50, 51, 52, 53, 54, 55, 56, 57, 58, 59, 60, 61, 62, 63]
receiver alignment RRMSE = 1.0434195019e-07
saved = /home/featurize/work/USCT_repro/USCT_download/c5_wavefield_data/smoke64src_train20_val5/train/train_14.npz
wavefields shape = (64, 480, 480)

====================================================================================================
[015/020] train_15.npz
sources = [0, 1, 2, 3, 4, 5, 6, 7, 8, 9, 10, 11, 12, 13, 14, 15, 16, 17, 18, 19, 20, 21, 22, 23, 24, 25, 26, 27, 28, 29, 30, 31, 32, 33, 34, 35, 36, 37, 38, 39, 40, 41, 42, 43, 44, 45, 46, 47, 48, 49, 50, 51, 52, 53, 54, 55, 56, 57, 58, 59, 60, 61, 62, 63]
receiver alignment RRMSE = 9.8119151914e-08
saved = /home/featurize/work/USCT_repro/USCT_download/c5_wavefield_data/smoke64src_train20_val5/train/train_15.npz
wavefields shape = (64, 480, 480)

====================================================================================================
[016/020] train_16.npz
sources = [0, 1, 2, 3, 4, 5, 6, 7, 8, 9, 10, 11, 12, 13, 14, 15, 16, 17, 18, 19, 20, 21, 22, 23, 24, 25, 26, 27, 28, 29, 30, 31, 32, 33, 34, 35, 36, 37, 38, 39, 40, 41, 42, 43, 44, 45, 46, 47, 48, 49, 50, 51, 52, 53, 54, 55, 56, 57, 58, 59, 60, 61, 62, 63]
receiver alignment RRMSE = 9.9151215238e-08
saved = /home/featurize/work/USCT_repro/USCT_download/c5_wavefield_data/smoke64src_train20_val5/train/train_16.npz
wavefields shape = (64, 480, 480)

====================================================================================================
[017/020] train_17.npz
sources = [0, 1, 2, 3, 4, 5, 6, 7, 8, 9, 10, 11, 12, 13, 14, 15, 16, 17, 18, 19, 20, 21, 22, 23, 24, 25, 26, 27, 28, 29, 30, 31, 32, 33, 34, 35, 36, 37, 38, 39, 40, 41, 42, 43, 44, 45, 46, 47, 48, 49, 50, 51, 52, 53, 54, 55, 56, 57, 58, 59, 60, 61, 62, 63]
receiver alignment RRMSE = 1.0637116077e-07
saved = /home/featurize/work/USCT_repro/USCT_download/c5_wavefield_data/smoke64src_train20_val5/train/train_17.npz
wavefields shape = (64, 480, 480)

====================================================================================================
[018/020] train_18.npz
sources = [0, 1, 2, 3, 4, 5, 6, 7, 8, 9, 10, 11, 12, 13, 14, 15, 16, 17, 18, 19, 20, 21, 22, 23, 24, 25, 26, 27, 28, 29, 30, 31, 32, 33, 34, 35, 36, 37, 38, 39, 40, 41, 42, 43, 44, 45, 46, 47, 48, 49, 50, 51, 52, 53, 54, 55, 56, 57, 58, 59, 60, 61, 62, 63]
receiver alignment RRMSE = 1.0356281877e-07
saved = /home/featurize/work/USCT_repro/USCT_download/c5_wavefield_data/smoke64src_train20_val5/train/train_18.npz
wavefields shape = (64, 480, 480)

====================================================================================================
[019/020] train_19.npz
sources = [0, 1, 2, 3, 4, 5, 6, 7, 8, 9, 10, 11, 12, 13, 14, 15, 16, 17, 18, 19, 20, 21, 22, 23, 24, 25, 26, 27, 28, 29, 30, 31, 32, 33, 34, 35, 36, 37, 38, 39, 40, 41, 42, 43, 44, 45, 46, 47, 48, 49, 50, 51, 52, 53, 54, 55, 56, 57, 58, 59, 60, 61, 62, 63]
receiver alignment RRMSE = 2.0599760830e-07
saved = /home/featurize/work/USCT_repro/USCT_download/c5_wavefield_data/smoke64src_train20_val5/train/train_19.npz
wavefields shape = (64, 480, 480)

====================================================================================================
[020/020] train_20.npz
sources = [0, 1, 2, 3, 4, 5, 6, 7, 8, 9, 10, 11, 12, 13, 14, 15, 16, 17, 18, 19, 20, 21, 22, 23, 24, 25, 26, 27, 28, 29, 30, 31, 32, 33, 34, 35, 36, 37, 38, 39, 40, 41, 42, 43, 44, 45, 46, 47, 48, 49, 50, 51, 52, 53, 54, 55, 56, 57, 58, 59, 60, 61, 62, 63]
receiver alignment RRMSE = 2.2928679755e-07
saved = /home/featurize/work/USCT_repro/USCT_download/c5_wavefield_data/smoke64src_train20_val5/train/train_20.npz
wavefields shape = (64, 480, 480)

====================================================================================================
[001/005] test_1.npz
sources = [0, 1, 2, 3, 4, 5, 6, 7, 8, 9, 10, 11, 12, 13, 14, 15, 16, 17, 18, 19, 20, 21, 22, 23, 24, 25, 26, 27, 28, 29, 30, 31, 32, 33, 34, 35, 36, 37, 38, 39, 40, 41, 42, 43, 44, 45, 46, 47, 48, 49, 50, 51, 52, 53, 54, 55, 56, 57, 58, 59, 60, 61, 62, 63]
receiver alignment RRMSE = 9.8342191279e-08
saved = /home/featurize/work/USCT_repro/USCT_download/c5_wavefield_data/smoke64src_train20_val5/val/test_1.npz
wavefields shape = (64, 480, 480)

====================================================================================================
[002/005] test_2.npz
sources = [0, 1, 2, 3, 4, 5, 6, 7, 8, 9, 10, 11, 12, 13, 14, 15, 16, 17, 18, 19, 20, 21, 22, 23, 24, 25, 26, 27, 28, 29, 30, 31, 32, 33, 34, 35, 36, 37, 38, 39, 40, 41, 42, 43, 44, 45, 46, 47, 48, 49, 50, 51, 52, 53, 54, 55, 56, 57, 58, 59, 60, 61, 62, 63]
receiver alignment RRMSE = 9.6832955876e-08
saved = /home/featurize/work/USCT_repro/USCT_download/c5_wavefield_data/smoke64src_train20_val5/val/test_2.npz
wavefields shape = (64, 480, 480)

====================================================================================================
[003/005] test_3.npz
sources = [0, 1, 2, 3, 4, 5, 6, 7, 8, 9, 10, 11, 12, 13, 14, 15, 16, 17, 18, 19, 20, 21, 22, 23, 24, 25, 26, 27, 28, 29, 30, 31, 32, 33, 34, 35, 36, 37, 38, 39, 40, 41, 42, 43, 44, 45, 46, 47, 48, 49, 50, 51, 52, 53, 54, 55, 56, 57, 58, 59, 60, 61, 62, 63]
receiver alignment RRMSE = 1.0375742932e-07
saved = /home/featurize/work/USCT_repro/USCT_download/c5_wavefield_data/smoke64src_train20_val5/val/test_3.npz
wavefields shape = (64, 480, 480)

====================================================================================================
[004/005] test_4.npz
sources = [0, 1, 2, 3, 4, 5, 6, 7, 8, 9, 10, 11, 12, 13, 14, 15, 16, 17, 18, 19, 20, 21, 22, 23, 24, 25, 26, 27, 28, 29, 30, 31, 32, 33, 34, 35, 36, 37, 38, 39, 40, 41, 42, 43, 44, 45, 46, 47, 48, 49, 50, 51, 52, 53, 54, 55, 56, 57, 58, 59, 60, 61, 62, 63]
receiver alignment RRMSE = 1.0198105116e-07
saved = /home/featurize/work/USCT_repro/USCT_download/c5_wavefield_data/smoke64src_train20_val5/val/test_4.npz
wavefields shape = (64, 480, 480)

====================================================================================================
[005/005] test_5.npz
sources = [0, 1, 2, 3, 4, 5, 6, 7, 8, 9, 10, 11, 12, 13, 14, 15, 16, 17, 18, 19, 20, 21, 22, 23, 24, 25, 26, 27, 28, 29, 30, 31, 32, 33, 34, 35, 36, 37, 38, 39, 40, 41, 42, 43, 44, 45, 46, 47, 48, 49, 50, 51, 52, 53, 54, 55, 56, 57, 58, 59, 60, 61, 62, 63]
receiver alignment RRMSE = 1.0389538119e-07
saved = /home/featurize/work/USCT_repro/USCT_download/c5_wavefield_data/smoke64src_train20_val5/val/test_5.npz
wavefields shape = (64, 480, 480)

====================================================================================================
C5 WAVEFIELD DATASET SUMMARY
====================================================================================================
train images       = 20
val images         = 5
sources/image      = 64
train wavefields   = 1280
val wavefields     = 320
alignment mean     = 1.3000880728e-07
alignment max      = 2.2928679755e-07

[PASS] C5.1b wavefield smoke dataset generated.
