====================================================================================================
C5.1b CURRENT-DATA WAVEFIELD SMOKE GENERATOR
====================================================================================================
input root       = self_consistent_cbs/sparse_64_dobs_train300_test50
output root      = c5_wavefield_data/smoke8src_train20_val5
source positions = [0, 8, 16, 24, 32, 40, 48, 56]
frequency        = 500000.0
CBS iters        = 80
PML              = PML3 300 225.0

====================================================================================================
[001/020] train_1.npz
sources = [0, 8, 16, 24, 32, 40, 48, 56]
receiver alignment RRMSE = 1.8400309898e-07
saved = c5_wavefield_data/smoke8src_train20_val5/train/train_1.npz
wavefields shape = (8, 480, 480)

====================================================================================================
[002/020] train_2.npz
sources = [0, 8, 16, 24, 32, 40, 48, 56]
receiver alignment RRMSE = 2.0738312401e-07
saved = c5_wavefield_data/smoke8src_train20_val5/train/train_2.npz
wavefields shape = (8, 480, 480)

====================================================================================================
[003/020] train_3.npz
sources = [0, 8, 16, 24, 32, 40, 48, 56]
receiver alignment RRMSE = 9.3543278012e-08
saved = c5_wavefield_data/smoke8src_train20_val5/train/train_3.npz
wavefields shape = (8, 480, 480)

====================================================================================================
[004/020] train_4.npz
sources = [0, 8, 16, 24, 32, 40, 48, 56]
receiver alignment RRMSE = 1.1230761743e-07
saved = c5_wavefield_data/smoke8src_train20_val5/train/train_4.npz
wavefields shape = (8, 480, 480)

====================================================================================================
[005/020] train_5.npz
sources = [0, 8, 16, 24, 32, 40, 48, 56]
receiver alignment RRMSE = 8.8902773143e-08
saved = c5_wavefield_data/smoke8src_train20_val5/train/train_5.npz
wavefields shape = (8, 480, 480)

====================================================================================================
[006/020] train_6.npz
sources = [0, 8, 16, 24, 32, 40, 48, 56]
receiver alignment RRMSE = 1.1539454903e-07
saved = c5_wavefield_data/smoke8src_train20_val5/train/train_6.npz
wavefields shape = (8, 480, 480)

====================================================================================================
[007/020] train_7.npz
sources = [0, 8, 16, 24, 32, 40, 48, 56]
receiver alignment RRMSE = 9.0791260732e-08
saved = c5_wavefield_data/smoke8src_train20_val5/train/train_7.npz
wavefields shape = (8, 480, 480)

====================================================================================================
[008/020] train_8.npz
sources = [0, 8, 16, 24, 32, 40, 48, 56]
receiver alignment RRMSE = 1.5110850882e-07
saved = c5_wavefield_data/smoke8src_train20_val5/train/train_8.npz
wavefields shape = (8, 480, 480)

====================================================================================================
[009/020] train_9.npz
sources = [0, 8, 16, 24, 32, 40, 48, 56]
receiver alignment RRMSE = 9.1252502443e-08
saved = c5_wavefield_data/smoke8src_train20_val5/train/train_9.npz
wavefields shape = (8, 480, 480)

====================================================================================================
[010/020] train_10.npz
sources = [0, 8, 16, 24, 32, 40, 48, 56]
receiver alignment RRMSE = 8.4499717445e-08
saved = c5_wavefield_data/smoke8src_train20_val5/train/train_10.npz
wavefields shape = (8, 480, 480)

====================================================================================================
[011/020] train_11.npz
sources = [0, 8, 16, 24, 32, 40, 48, 56]
receiver alignment RRMSE = 9.8061512688e-08
saved = c5_wavefield_data/smoke8src_train20_val5/train/train_11.npz
wavefields shape = (8, 480, 480)

====================================================================================================
[012/020] train_12.npz
sources = [0, 8, 16, 24, 32, 40, 48, 56]
receiver alignment RRMSE = 2.0918643884e-07
saved = c5_wavefield_data/smoke8src_train20_val5/train/train_12.npz
wavefields shape = (8, 480, 480)

====================================================================================================
[013/020] train_13.npz
sources = [0, 8, 16, 24, 32, 40, 48, 56]
receiver alignment RRMSE = 2.1134829353e-07
saved = c5_wavefield_data/smoke8src_train20_val5/train/train_13.npz
wavefields shape = (8, 480, 480)

====================================================================================================
[014/020] train_14.npz
sources = [0, 8, 16, 24, 32, 40, 48, 56]
receiver alignment RRMSE = 1.0681715423e-07
saved = c5_wavefield_data/smoke8src_train20_val5/train/train_14.npz
wavefields shape = (8, 480, 480)

====================================================================================================
[015/020] train_15.npz
sources = [0, 8, 16, 24, 32, 40, 48, 56]
receiver alignment RRMSE = 9.6990547149e-08
saved = c5_wavefield_data/smoke8src_train20_val5/train/train_15.npz
wavefields shape = (8, 480, 480)

====================================================================================================
[016/020] train_16.npz
sources = [0, 8, 16, 24, 32, 40, 48, 56]
receiver alignment RRMSE = 9.2211678293e-08
saved = c5_wavefield_data/smoke8src_train20_val5/train/train_16.npz
wavefields shape = (8, 480, 480)

====================================================================================================
[017/020] train_17.npz
sources = [0, 8, 16, 24, 32, 40, 48, 56]
receiver alignment RRMSE = 8.9544322179e-08
saved = c5_wavefield_data/smoke8src_train20_val5/train/train_17.npz
wavefields shape = (8, 480, 480)

====================================================================================================
[018/020] train_18.npz
sources = [0, 8, 16, 24, 32, 40, 48, 56]
receiver alignment RRMSE = 1.0656671634e-07
saved = c5_wavefield_data/smoke8src_train20_val5/train/train_18.npz
wavefields shape = (8, 480, 480)

====================================================================================================
[019/020] train_19.npz
sources = [0, 8, 16, 24, 32, 40, 48, 56]
receiver alignment RRMSE = 2.1489067592e-07
saved = c5_wavefield_data/smoke8src_train20_val5/train/train_19.npz
wavefields shape = (8, 480, 480)

====================================================================================================
[020/020] train_20.npz
sources = [0, 8, 16, 24, 32, 40, 48, 56]
receiver alignment RRMSE = 2.2417458467e-07
saved = c5_wavefield_data/smoke8src_train20_val5/train/train_20.npz
wavefields shape = (8, 480, 480)

====================================================================================================
[001/005] test_1.npz
sources = [0, 8, 16, 24, 32, 40, 48, 56]
receiver alignment RRMSE = 9.9271687759e-08
saved = c5_wavefield_data/smoke8src_train20_val5/val/test_1.npz
wavefields shape = (8, 480, 480)

====================================================================================================
[002/005] test_2.npz
sources = [0, 8, 16, 24, 32, 40, 48, 56]
receiver alignment RRMSE = 8.6420243406e-08
saved = c5_wavefield_data/smoke8src_train20_val5/val/test_2.npz
wavefields shape = (8, 480, 480)

====================================================================================================
[003/005] test_3.npz
sources = [0, 8, 16, 24, 32, 40, 48, 56]
receiver alignment RRMSE = 1.0276396267e-07
saved = c5_wavefield_data/smoke8src_train20_val5/val/test_3.npz
wavefields shape = (8, 480, 480)

====================================================================================================
[004/005] test_4.npz
sources = [0, 8, 16, 24, 32, 40, 48, 56]
receiver alignment RRMSE = 8.6168839175e-08
saved = c5_wavefield_data/smoke8src_train20_val5/val/test_4.npz
wavefields shape = (8, 480, 480)

====================================================================================================
[005/005] test_5.npz
sources = [0, 8, 16, 24, 32, 40, 48, 56]
receiver alignment RRMSE = 9.2532218332e-08
saved = c5_wavefield_data/smoke8src_train20_val5/val/test_5.npz
wavefields shape = (8, 480, 480)

====================================================================================================
C5 WAVEFIELD DATASET SUMMARY
====================================================================================================
train images       = 20
val images         = 5
sources/image      = 8
train wavefields   = 160
val wavefields     = 40
alignment mean     = 1.2544541221e-07
alignment max      = 2.2417458467e-07

[PASS] C5.1b wavefield smoke dataset generated.
