[Dataset] split=train images=1 pairs=8 wave_scale=3.72290883e-02
====================================================================================================
C5.1g SINGLE-PAIR FNO-BG CAPACITY AUDIT
====================================================================================================
source_idx  = 6
modes       = 25
width       = 32
depth       = 4
parameters  = 5,125,730
wave_scale  = 3.72290883e-02
steps       = 2000
lr          = 0.001

INITIAL full=0.991130 receiver=0.254828
[0001/2000] loss=4.758150e-01 lr=1.000e-03 | full=0.989533 rec=0.254434
[0025/2000] loss=2.231414e-01 lr=9.996e-04 | full=0.656741 rec=0.180351
[0050/2000] loss=1.295364e-02 lr=9.985e-04 | full=0.150123 rec=0.126277
[0075/2000] loss=2.903221e-03 lr=9.966e-04 | full=0.076574 rec=0.055694
[0100/2000] loss=1.809316e-03 lr=9.939e-04 | full=0.059899 rec=0.024482
[0125/2000] loss=1.272496e-03 lr=9.905e-04 | full=0.051480 rec=0.019033
[0150/2000] loss=1.017298e-03 lr=9.863e-04 | full=0.045087 rec=0.015312
[0175/2000] loss=8.022323e-04 lr=9.814e-04 | full=0.040570 rec=0.013110
[0200/2000] loss=7.453607e-04 lr=9.758e-04 | full=0.038967 rec=0.011556
[0225/2000] loss=5.897711e-04 lr=9.694e-04 | full=0.034759 rec=0.010261
[0250/2000] loss=6.513859e-04 lr=9.623e-04 | full=0.037219 rec=0.010293
[0275/2000] loss=4.648581e-04 lr=9.545e-04 | full=0.030839 rec=0.009198
[0300/2000] loss=8.154779e-04 lr=9.460e-04 | full=0.046384 rec=0.012986
[0325/2000] loss=3.857558e-04 lr=9.369e-04 | full=0.027821 rec=0.008273
[0350/2000] loss=3.253800e-04 lr=9.271e-04 | full=0.025832 rec=0.007701
[0375/2000] loss=3.304296e-04 lr=9.166e-04 | full=0.027872 rec=0.008007
[0400/2000] loss=2.717837e-04 lr=9.055e-04 | full=0.023492 rec=0.007017
[0425/2000] loss=2.516666e-04 lr=8.937e-04 | full=0.023092 rec=0.006893
[0450/2000] loss=2.687317e-04 lr=8.814e-04 | full=0.022291 rec=0.006419
[0475/2000] loss=2.089753e-04 lr=8.685e-04 | full=0.020676 rec=0.006197
[0500/2000] loss=1.895433e-04 lr=8.550e-04 | full=0.019752 rec=0.005800
[0525/2000] loss=2.041464e-04 lr=8.410e-04 | full=0.020300 rec=0.005741
[0550/2000] loss=1.653476e-04 lr=8.265e-04 | full=0.018444 rec=0.005374
[0575/2000] loss=4.644705e-04 lr=8.115e-04 | full=0.024098 rec=0.007035
[0600/2000] loss=1.502547e-04 lr=7.960e-04 | full=0.017771 rec=0.005094
[0625/2000] loss=1.369974e-04 lr=7.800e-04 | full=0.016758 rec=0.004914
[0650/2000] loss=1.291676e-04 lr=7.636e-04 | full=0.016342 rec=0.004708
[0675/2000] loss=1.251257e-04 lr=7.469e-04 | full=0.016146 rec=0.004681
[0700/2000] loss=1.152273e-04 lr=7.297e-04 | full=0.015432 rec=0.004546
[0725/2000] loss=1.094584e-04 lr=7.122e-04 | full=0.015009 rec=0.004411
[0750/2000] loss=1.184725e-04 lr=6.944e-04 | full=0.015895 rec=0.004438
[0775/2000] loss=1.000121e-04 lr=6.763e-04 | full=0.014368 rec=0.004252
[0800/2000] loss=9.516407e-05 lr=6.580e-04 | full=0.014015 rec=0.004126
[0825/2000] loss=9.347840e-05 lr=6.394e-04 | full=0.013816 rec=0.004032
[0850/2000] loss=8.763489e-05 lr=6.206e-04 | full=0.013439 rec=0.004034
[0875/2000] loss=8.390243e-05 lr=6.016e-04 | full=0.013152 rec=0.003946
[0900/2000] loss=8.081285e-05 lr=5.824e-04 | full=0.012906 rec=0.003875
[0925/2000] loss=7.803459e-05 lr=5.632e-04 | full=0.012681 rec=0.003800
[0950/2000] loss=7.539774e-05 lr=5.438e-04 | full=0.012468 rec=0.003751
[0975/2000] loss=7.297033e-05 lr=5.244e-04 | full=0.012267 rec=0.003697
[1000/2000] loss=7.080259e-05 lr=5.050e-04 | full=0.012084 rec=0.003641
[1025/2000] loss=6.872619e-05 lr=4.856e-04 | full=0.011904 rec=0.003590
[1050/2000] loss=6.682281e-05 lr=4.662e-04 | full=0.011739 rec=0.003534
[1075/2000] loss=6.504279e-05 lr=4.468e-04 | full=0.011582 rec=0.003501
[1100/2000] loss=6.344786e-05 lr=4.276e-04 | full=0.011438 rec=0.003451
[1125/2000] loss=6.190970e-05 lr=4.084e-04 | full=0.011301 rec=0.003416
[1150/2000] loss=6.051726e-05 lr=3.894e-04 | full=0.011173 rec=0.003370
[1175/2000] loss=5.922555e-05 lr=3.706e-04 | full=0.011052 rec=0.003339
[1200/2000] loss=5.802237e-05 lr=3.520e-04 | full=0.010940 rec=0.003305
[1225/2000] loss=5.690898e-05 lr=3.337e-04 | full=0.010836 rec=0.003274
[1250/2000] loss=5.588040e-05 lr=3.156e-04 | full=0.010737 rec=0.003242
[1275/2000] loss=5.491604e-05 lr=2.978e-04 | full=0.010645 rec=0.003208
[1300/2000] loss=5.403525e-05 lr=2.803e-04 | full=0.010559 rec=0.003185
[1325/2000] loss=5.321025e-05 lr=2.631e-04 | full=0.010479 rec=0.003162
[1350/2000] loss=5.246149e-05 lr=2.464e-04 | full=0.010405 rec=0.003134
[1375/2000] loss=5.176463e-05 lr=2.300e-04 | full=0.010335 rec=0.003123
[1400/2000] loss=5.111494e-05 lr=2.140e-04 | full=0.010270 rec=0.003105
[1425/2000] loss=5.052399e-05 lr=1.985e-04 | full=0.010211 rec=0.003083
[1450/2000] loss=4.998274e-05 lr=1.835e-04 | full=0.010156 rec=0.003069
[1475/2000] loss=4.947642e-05 lr=1.690e-04 | full=0.010105 rec=0.003050
[1500/2000] loss=4.902507e-05 lr=1.550e-04 | full=0.010059 rec=0.003039
[1525/2000] loss=4.860487e-05 lr=1.415e-04 | full=0.010016 rec=0.003014
[1550/2000] loss=4.822820e-05 lr=1.286e-04 | full=0.009977 rec=0.003013
[1575/2000] loss=4.788413e-05 lr=1.163e-04 | full=0.009941 rec=0.002993
[1600/2000] loss=4.757327e-05 lr=1.045e-04 | full=0.009909 rec=0.002987
[1625/2000] loss=4.730046e-05 lr=9.342e-05 | full=0.009881 rec=0.002982
[1650/2000] loss=4.705732e-05 lr=8.294e-05 | full=0.009856 rec=0.002973
[1675/2000] loss=4.683546e-05 lr=7.311e-05 | full=0.009833 rec=0.002959
[1700/2000] loss=4.664044e-05 lr=6.395e-05 | full=0.009812 rec=0.002960
[1725/2000] loss=4.645907e-05 lr=5.547e-05 | full=0.009793 rec=0.002955
[1750/2000] loss=4.631511e-05 lr=4.768e-05 | full=0.009778 rec=0.002944
[1775/2000] loss=4.619264e-05 lr=4.060e-05 | full=0.009765 rec=0.002945
[1800/2000] loss=4.608033e-05 lr=3.423e-05 | full=0.009753 rec=0.002944
[1825/2000] loss=4.598819e-05 lr=2.858e-05 | full=0.009744 rec=0.002939
[1850/2000] loss=4.591107e-05 lr=2.368e-05 | full=0.009736 rec=0.002936
[1875/2000] loss=4.584789e-05 lr=1.951e-05 | full=0.009729 rec=0.002930
[1900/2000] loss=4.579771e-05 lr=1.609e-05 | full=0.009723 rec=0.002928
[1925/2000] loss=4.575315e-05 lr=1.343e-05 | full=0.009719 rec=0.002926
[1950/2000] loss=4.571507e-05 lr=1.153e-05 | full=0.009715 rec=0.002927
[1975/2000] loss=4.568142e-05 lr=1.038e-05 | full=0.009711 rec=0.002921
[2000/2000] loss=4.565021e-05 lr=1.000e-05 | full=0.009708 rec=0.002920

====================================================================================================
C5.1g SINGLE-PAIR CAPACITY SUMMARY
====================================================================================================
initial full = 0.991130
best full    = 0.009708 @ step 2000
best rec     = 0.002920
[STRONG PASS] single-wavefield capacity confirmed.
