====================================================================================================
C5.2a MgNO-I TRUE-BG OPERATOR GENERALIZATION
====================================================================================================
train images = 20
val images   = 5
estimated wave_scale = 3.72042429e-02
locked wave_scale    = 3.72290883e-02
[Background] keys = ['mean_field', 'background_field', 'src_indices', 'rec_indices']
[Background] selected key = background_field shape = (8, 480, 480)
[Background] source-index key = src_indices shape = (8, 2)
[Split] images=20 sources=8 pairs=160
[Split] speed_norm = (20, 1, 480, 480)
[Split] wave_norm  = (20, 8, 2, 480, 480)
[Background] keys = ['mean_field', 'background_field', 'src_indices', 'rec_indices']
[Background] selected key = background_field shape = (8, 480, 480)
[Background] source-index key = src_indices shape = (8, 2)
[Split] images=5 sources=8 pairs=40
[Split] speed_norm = (5, 1, 480, 480)
[Split] wave_norm  = (5, 8, 2, 480, 480)

channels        = 24
recurrent_iters = 6
parameters      = 371,391
epochs          = 200
accum_pairs     = 4
train pairs     = 160
val pairs       = 40
updates/epoch   = 40
total updates   = 8000

INITIAL VALIDATION
val full           mean=0.893262 std=0.073393 median=0.894873 min=0.754935 max=1.070649
val receiver       mean=0.233191 std=0.024296 median=0.234103 min=0.182571 max=0.276085
[epoch 001/200] update=0040/8000 loss=3.557535e-01 lr=9.999e-04 | val_full=0.743143 (max=0.869145) | val_rec=0.234184
[epoch 002/200] update=0080/8000 loss=2.455814e-01 lr=9.998e-04 | val_full=0.658112 (max=0.731589) | val_rec=0.188923
[epoch 004/200] update=0160/8000 loss=1.893880e-01 lr=9.990e-04 | val_full=0.620763 (max=0.756117) | val_rec=0.174819
[epoch 006/200] update=0240/8000 loss=1.821211e-01 lr=9.978e-04 | val_full=0.608714 (max=0.727719) | val_rec=0.170180
[epoch 008/200] update=0320/8000 loss=1.820205e-01 lr=9.961e-04 | val_full=0.613285 (max=0.765788) | val_rec=0.174878
[epoch 010/200] update=0400/8000 loss=1.780688e-01 lr=9.939e-04 | val_full=0.626126 (max=0.742501) | val_rec=0.172275
[epoch 012/200] update=0480/8000 loss=1.673885e-01 lr=9.912e-04 | val_full=0.589088 (max=0.690507) | val_rec=0.170996
[epoch 014/200] update=0560/8000 loss=1.553936e-01 lr=9.881e-04 | val_full=0.581605 (max=0.667343) | val_rec=0.171617
[epoch 016/200] update=0640/8000 loss=1.523128e-01 lr=9.844e-04 | val_full=0.557778 (max=0.648387) | val_rec=0.164199
[epoch 018/200] update=0720/8000 loss=1.452797e-01 lr=9.803e-04 | val_full=0.575999 (max=0.678846) | val_rec=0.167163
[epoch 020/200] update=0800/8000 loss=1.379753e-01 lr=9.758e-04 | val_full=0.555274 (max=0.652774) | val_rec=0.167765
[epoch 022/200] update=0880/8000 loss=1.355056e-01 lr=9.707e-04 | val_full=0.552361 (max=0.663877) | val_rec=0.166210
[epoch 024/200] update=0960/8000 loss=1.292013e-01 lr=9.652e-04 | val_full=0.537466 (max=0.660235) | val_rec=0.160000
[epoch 026/200] update=1040/8000 loss=1.237640e-01 lr=9.593e-04 | val_full=0.551510 (max=0.683830) | val_rec=0.158902
[epoch 028/200] update=1120/8000 loss=1.180348e-01 lr=9.529e-04 | val_full=0.536009 (max=0.716604) | val_rec=0.158336
[epoch 030/200] update=1200/8000 loss=1.314786e-01 lr=9.460e-04 | val_full=0.551893 (max=0.689256) | val_rec=0.164194
[epoch 032/200] update=1280/8000 loss=1.132344e-01 lr=9.388e-04 | val_full=0.536845 (max=0.707283) | val_rec=0.159854
[epoch 034/200] update=1360/8000 loss=1.194891e-01 lr=9.311e-04 | val_full=0.525852 (max=0.685345) | val_rec=0.159430
[epoch 036/200] update=1440/8000 loss=1.132464e-01 lr=9.229e-04 | val_full=0.537188 (max=0.740745) | val_rec=0.160495
[epoch 038/200] update=1520/8000 loss=1.040154e-01 lr=9.144e-04 | val_full=0.528205 (max=0.710338) | val_rec=0.159204
[epoch 040/200] update=1600/8000 loss=1.032588e-01 lr=9.055e-04 | val_full=0.525704 (max=0.715235) | val_rec=0.160183
[epoch 042/200] update=1680/8000 loss=1.019099e-01 lr=8.961e-04 | val_full=0.519261 (max=0.728083) | val_rec=0.156970
[epoch 044/200] update=1760/8000 loss=9.395249e-02 lr=8.864e-04 | val_full=0.524132 (max=0.727382) | val_rec=0.159615
[epoch 046/200] update=1840/8000 loss=9.207372e-02 lr=8.763e-04 | val_full=0.529304 (max=0.755818) | val_rec=0.160256
[epoch 048/200] update=1920/8000 loss=9.655103e-02 lr=8.658e-04 | val_full=0.527877 (max=0.765369) | val_rec=0.158349
[epoch 050/200] update=2000/8000 loss=8.928777e-02 lr=8.550e-04 | val_full=0.531089 (max=0.774494) | val_rec=0.161780
[epoch 052/200] update=2080/8000 loss=8.510693e-02 lr=8.439e-04 | val_full=0.538696 (max=0.765785) | val_rec=0.163521
[epoch 054/200] update=2160/8000 loss=8.472389e-02 lr=8.323e-04 | val_full=0.526641 (max=0.775775) | val_rec=0.156371
[epoch 056/200] update=2240/8000 loss=7.987089e-02 lr=8.205e-04 | val_full=0.532124 (max=0.781162) | val_rec=0.158279
[epoch 058/200] update=2320/8000 loss=7.875698e-02 lr=8.084e-04 | val_full=0.532193 (max=0.784268) | val_rec=0.159818
[epoch 060/200] update=2400/8000 loss=7.933279e-02 lr=7.960e-04 | val_full=0.537066 (max=0.777567) | val_rec=0.162139
[epoch 062/200] update=2480/8000 loss=7.819029e-02 lr=7.832e-04 | val_full=0.554180 (max=0.746180) | val_rec=0.169652
[epoch 064/200] update=2560/8000 loss=7.556377e-02 lr=7.702e-04 | val_full=0.525496 (max=0.772515) | val_rec=0.157568
[epoch 066/200] update=2640/8000 loss=7.551548e-02 lr=7.570e-04 | val_full=0.547122 (max=0.783963) | val_rec=0.166233
[epoch 068/200] update=2720/8000 loss=7.496705e-02 lr=7.435e-04 | val_full=0.546295 (max=0.778134) | val_rec=0.164106
[epoch 070/200] update=2800/8000 loss=6.968935e-02 lr=7.297e-04 | val_full=0.540821 (max=0.805847) | val_rec=0.161004
[epoch 072/200] update=2880/8000 loss=7.099778e-02 lr=7.158e-04 | val_full=0.529471 (max=0.783608) | val_rec=0.159267
[epoch 074/200] update=2960/8000 loss=7.022772e-02 lr=7.016e-04 | val_full=0.536303 (max=0.766872) | val_rec=0.162334
[epoch 076/200] update=3040/8000 loss=6.790266e-02 lr=6.872e-04 | val_full=0.543945 (max=0.796790) | val_rec=0.161903
[epoch 078/200] update=3120/8000 loss=7.422249e-02 lr=6.727e-04 | val_full=0.550737 (max=0.790655) | val_rec=0.165152
[epoch 080/200] update=3200/8000 loss=6.595386e-02 lr=6.580e-04 | val_full=0.539508 (max=0.793645) | val_rec=0.163585
[epoch 082/200] update=3280/8000 loss=6.477370e-02 lr=6.431e-04 | val_full=0.540438 (max=0.786218) | val_rec=0.164506
[epoch 084/200] update=3360/8000 loss=6.392932e-02 lr=6.281e-04 | val_full=0.538911 (max=0.785217) | val_rec=0.165478
[epoch 086/200] update=3440/8000 loss=6.479776e-02 lr=6.130e-04 | val_full=0.549109 (max=0.795041) | val_rec=0.167414
[epoch 088/200] update=3520/8000 loss=6.767748e-02 lr=5.978e-04 | val_full=0.546418 (max=0.795535) | val_rec=0.166337
[epoch 090/200] update=3600/8000 loss=6.083635e-02 lr=5.824e-04 | val_full=0.540038 (max=0.786253) | val_rec=0.165147
[epoch 092/200] update=3680/8000 loss=5.874871e-02 lr=5.670e-04 | val_full=0.543859 (max=0.777636) | val_rec=0.164925
[epoch 094/200] update=3760/8000 loss=6.014521e-02 lr=5.516e-04 | val_full=0.545546 (max=0.768987) | val_rec=0.167365
[epoch 096/200] update=3840/8000 loss=5.855644e-02 lr=5.361e-04 | val_full=0.543449 (max=0.784326) | val_rec=0.164251
[epoch 098/200] update=3920/8000 loss=5.916017e-02 lr=5.205e-04 | val_full=0.544194 (max=0.785090) | val_rec=0.166002
[epoch 100/200] update=4000/8000 loss=5.976574e-02 lr=5.050e-04 | val_full=0.545073 (max=0.782748) | val_rec=0.166644
[epoch 102/200] update=4080/8000 loss=5.896390e-02 lr=4.895e-04 | val_full=0.546857 (max=0.764561) | val_rec=0.164568
[epoch 104/200] update=4160/8000 loss=5.700675e-02 lr=4.739e-04 | val_full=0.545065 (max=0.778717) | val_rec=0.165037
[epoch 106/200] update=4240/8000 loss=5.672129e-02 lr=4.584e-04 | val_full=0.552455 (max=0.793963) | val_rec=0.166963
[epoch 108/200] update=4320/8000 loss=5.551120e-02 lr=4.430e-04 | val_full=0.545927 (max=0.776647) | val_rec=0.165762
[epoch 110/200] update=4400/8000 loss=5.510399e-02 lr=4.276e-04 | val_full=0.549786 (max=0.778005) | val_rec=0.166149
[epoch 112/200] update=4480/8000 loss=5.444215e-02 lr=4.122e-04 | val_full=0.547824 (max=0.783192) | val_rec=0.164750
[epoch 114/200] update=4560/8000 loss=5.373988e-02 lr=3.970e-04 | val_full=0.555170 (max=0.795168) | val_rec=0.167043
[epoch 116/200] update=4640/8000 loss=5.412904e-02 lr=3.819e-04 | val_full=0.554128 (max=0.788171) | val_rec=0.169643
[epoch 118/200] update=4720/8000 loss=5.718991e-02 lr=3.669e-04 | val_full=0.554681 (max=0.784738) | val_rec=0.166953
[epoch 120/200] update=4800/8000 loss=5.330867e-02 lr=3.520e-04 | val_full=0.548955 (max=0.781965) | val_rec=0.165465
[epoch 122/200] update=4880/8000 loss=5.187954e-02 lr=3.373e-04 | val_full=0.553095 (max=0.794516) | val_rec=0.167201
[epoch 124/200] update=4960/8000 loss=5.092109e-02 lr=3.228e-04 | val_full=0.551976 (max=0.784425) | val_rec=0.166848
[epoch 126/200] update=5040/8000 loss=5.035059e-02 lr=3.084e-04 | val_full=0.560243 (max=0.797785) | val_rec=0.168508
[epoch 128/200] update=5120/8000 loss=5.016857e-02 lr=2.942e-04 | val_full=0.556681 (max=0.792949) | val_rec=0.167597
[epoch 130/200] update=5200/8000 loss=5.142526e-02 lr=2.803e-04 | val_full=0.561522 (max=0.803021) | val_rec=0.170337
[epoch 132/200] update=5280/8000 loss=5.119950e-02 lr=2.665e-04 | val_full=0.556944 (max=0.795399) | val_rec=0.167542
[epoch 134/200] update=5360/8000 loss=4.909984e-02 lr=2.530e-04 | val_full=0.556600 (max=0.790236) | val_rec=0.167382
[epoch 136/200] update=5440/8000 loss=4.858406e-02 lr=2.398e-04 | val_full=0.562326 (max=0.798661) | val_rec=0.168992
[epoch 138/200] update=5520/8000 loss=4.843474e-02 lr=2.268e-04 | val_full=0.559312 (max=0.797470) | val_rec=0.168050
[epoch 140/200] update=5600/8000 loss=4.814384e-02 lr=2.140e-04 | val_full=0.562063 (max=0.794165) | val_rec=0.168546
[epoch 142/200] update=5680/8000 loss=4.790945e-02 lr=2.016e-04 | val_full=0.560456 (max=0.794200) | val_rec=0.168272
[epoch 144/200] update=5760/8000 loss=4.751160e-02 lr=1.895e-04 | val_full=0.562838 (max=0.799398) | val_rec=0.168497
[epoch 146/200] update=5840/8000 loss=4.717350e-02 lr=1.777e-04 | val_full=0.565650 (max=0.803500) | val_rec=0.169639
[epoch 148/200] update=5920/8000 loss=4.696816e-02 lr=1.661e-04 | val_full=0.565495 (max=0.801301) | val_rec=0.169262
[epoch 150/200] update=6000/8000 loss=4.678388e-02 lr=1.550e-04 | val_full=0.568767 (max=0.802100) | val_rec=0.170087
[epoch 152/200] update=6080/8000 loss=4.655265e-02 lr=1.442e-04 | val_full=0.567896 (max=0.801282) | val_rec=0.170059
[epoch 154/200] update=6160/8000 loss=4.635026e-02 lr=1.337e-04 | val_full=0.570033 (max=0.805552) | val_rec=0.171067
[epoch 156/200] update=6240/8000 loss=4.606939e-02 lr=1.236e-04 | val_full=0.570928 (max=0.807204) | val_rec=0.170964
[epoch 158/200] update=6320/8000 loss=4.592253e-02 lr=1.139e-04 | val_full=0.569856 (max=0.803039) | val_rec=0.170810
[epoch 160/200] update=6400/8000 loss=4.573914e-02 lr=1.045e-04 | val_full=0.570369 (max=0.804014) | val_rec=0.170578
[epoch 162/200] update=6480/8000 loss=4.555402e-02 lr=9.560e-05 | val_full=0.571576 (max=0.804619) | val_rec=0.171017
[epoch 164/200] update=6560/8000 loss=4.541284e-02 lr=8.706e-05 | val_full=0.571573 (max=0.803151) | val_rec=0.171085
[epoch 166/200] update=6640/8000 loss=4.527974e-02 lr=7.893e-05 | val_full=0.572894 (max=0.805787) | val_rec=0.171573
[epoch 168/200] update=6720/8000 loss=4.516210e-02 lr=7.123e-05 | val_full=0.572925 (max=0.805660) | val_rec=0.171335
[epoch 170/200] update=6800/8000 loss=4.505909e-02 lr=6.395e-05 | val_full=0.574279 (max=0.806693) | val_rec=0.171781
[epoch 172/200] update=6880/8000 loss=4.495121e-02 lr=5.711e-05 | val_full=0.575174 (max=0.806630) | val_rec=0.172087
[epoch 174/200] update=6960/8000 loss=4.485051e-02 lr=5.071e-05 | val_full=0.575650 (max=0.808934) | val_rec=0.172130
[epoch 176/200] update=7040/8000 loss=4.476677e-02 lr=4.476e-05 | val_full=0.574766 (max=0.806052) | val_rec=0.172041
[epoch 178/200] update=7120/8000 loss=4.470010e-02 lr=3.926e-05 | val_full=0.575750 (max=0.806535) | val_rec=0.172389
[epoch 180/200] update=7200/8000 loss=4.463191e-02 lr=3.423e-05 | val_full=0.576422 (max=0.808499) | val_rec=0.172516
[epoch 182/200] update=7280/8000 loss=4.456693e-02 lr=2.965e-05 | val_full=0.575794 (max=0.806487) | val_rec=0.172248
[epoch 184/200] update=7360/8000 loss=4.451475e-02 lr=2.555e-05 | val_full=0.576667 (max=0.808439) | val_rec=0.172465
[epoch 186/200] update=7440/8000 loss=4.446455e-02 lr=2.192e-05 | val_full=0.576729 (max=0.807999) | val_rec=0.172636
[epoch 188/200] update=7520/8000 loss=4.442169e-02 lr=1.877e-05 | val_full=0.577016 (max=0.807501) | val_rec=0.172741
[epoch 190/200] update=7600/8000 loss=4.438486e-02 lr=1.609e-05 | val_full=0.577198 (max=0.807693) | val_rec=0.172780
[epoch 192/200] update=7680/8000 loss=4.435332e-02 lr=1.390e-05 | val_full=0.577287 (max=0.807605) | val_rec=0.172818
[epoch 194/200] update=7760/8000 loss=4.432647e-02 lr=1.220e-05 | val_full=0.577621 (max=0.808082) | val_rec=0.172951
[epoch 196/200] update=7840/8000 loss=4.430130e-02 lr=1.098e-05 | val_full=0.578181 (max=0.808901) | val_rec=0.173002
[epoch 198/200] update=7920/8000 loss=4.428253e-02 lr=1.024e-05 | val_full=0.577876 (max=0.808405) | val_rec=0.172951
[epoch 200/200] update=8000/8000 loss=4.426105e-02 lr=1.000e-05 | val_full=0.578096 (max=0.808482) | val_rec=0.173012

====================================================================================================
BEST CHECKPOINT AUDIT
====================================================================================================
epoch  = 42
update = 1680

TRAIN
train full         mean=0.424707 std=0.085445 median=0.455733 min=0.258324 max=0.595580
train receiver     mean=0.134153 std=0.022425 median=0.136450 min=0.089701 max=0.193736

VALIDATION
val full           mean=0.519262 std=0.121474 median=0.552007 min=0.284403 max=0.728080
val receiver       mean=0.156969 std=0.028674 median=0.167537 min=0.094695 max=0.194670

====================================================================================================
LATEST CHECKPOINT AUDIT
====================================================================================================
epoch  = 200
update = 8000

TRAIN
train full         mean=0.289237 std=0.070919 median=0.319730 min=0.172830 max=0.408731
train receiver     mean=0.091242 std=0.023669 median=0.095337 min=0.050705 max=0.140184

VALIDATION
val full           mean=0.578096 std=0.175800 median=0.646562 min=0.254393 max=0.808481
val receiver       mean=0.173013 std=0.046876 median=0.184596 min=0.077735 max=0.232789

====================================================================================================
C5.2a MgNO-I FINAL SUMMARY
====================================================================================================
BEST epoch       = 42
BEST train full  = 0.424707
BEST val full    = 0.519262
BEST val rec     = 0.156969

LATEST epoch     = 200
LATEST train full= 0.289237
LATEST val full  = 0.578096
LATEST val rec   = 0.173013

FNO reference:
  best val full = 0.551782
  best val rec  = 0.192650

MgNO-I relative val-full gain vs FNO = 5.89%
[PASS] MgNO-I improves over the frozen FNO smoke baseline.
