==============================================================================================================================================
C7.1B ADAPTIVE PHYSICS-GATED ANCHOR + TGRA
==============================================================================================================================================
split              = c7_1b_smoke1
samples            = 1..1
C4 seed            = 20260908
C4 schedule        = [0, 17, 39]
C4 NFE             = 2
MgNO config        = C24/V6
GRA step           = 0.1875
GRA backtrack      = 0.5
GRA max backtracks = 5
post-physics CM    = NONE

##############################################################################################################################################
TEST 1 (array_idx=0)
##############################################################################################################################################
Warning: Distributed not initialised, using single rank
Warning: Distributed not initialised, using single rank
audit              | GT=0.00e+00 HINT=0.00e+00 | C4=4.85e-11 | bridge=0.00e+00 | align_corners=False

C7.1A HINT-C4 ANCHOR PARETO
lambda=0.00 | J=3.109553e-02 | MSE=69.133 | MAE=3.7883 | SSIM=0.82164 | SSIM->Hint=0.93701
lambda=0.25 | J=2.774143e-02 | MSE=61.346 | MAE=3.4058 | SSIM=0.83634 | SSIM->Hint=0.96344
lambda=0.50 | J=2.549020e-02 | MSE=56.180 | MAE=3.0582 | SSIM=0.84781 | SSIM->Hint=0.98353
lambda=0.75 | J=2.439445e-02 | MSE=53.635 | MAE=2.7598 | SSIM=0.85529 | SSIM->Hint=0.99590
lambda=1.00 | J=2.449040e-02 | MSE=53.712 | MAE=2.5711 | SSIM=0.85821 | SSIM->Hint=1.00000

C7.1B adaptive     | lambda*=1.00 | J=2.449040e-02 | MSE=53.712 | SSIM=0.85821
[CBS] sources 00:08 / 8
[MgNO] predicted 8/64
[MgNO] predicted 16/64
[MgNO] predicted 24/64
[MgNO] predicted 32/64
[MgNO] predicted 40/64
[MgNO] predicted 48/64
[MgNO] predicted 56/64
[MgNO] predicted 64/64
C7.1B + TGRA       | J=2.449040e-02->2.004102e-02 | drop=+18.168% | MSE=53.712->52.427 | SSIM=0.85821->0.85881 | anchorSSIM=0.99890 | step=0.1875

[CBS] sources 00:08 / 64
[CBS] sources 08:16 / 64
[CBS] sources 16:24 / 64
[CBS] sources 24:32 / 64
[CBS] sources 32:40 / 64
[CBS] sources 40:48 / 64
[CBS] sources 48:56 / 64
[CBS] sources 56:64 / 64
C4+TExact  | J=3.109553e-02->2.481202e-02 | drop=+20.207% | MSE=69.133->67.892 | SSIM=0.82164->0.82365 | accepted=True | step=0.1875
[CBS] sources 00:08 / 8
[MgNO] predicted 8/64
[MgNO] predicted 16/64
[MgNO] predicted 24/64
[MgNO] predicted 32/64
[MgNO] predicted 40/64
[MgNO] predicted 48/64
[MgNO] predicted 56/64
[MgNO] predicted 64/64
C4+TGRA    | J=3.109553e-02->2.629487e-02 | drop=+15.438% | MSE=69.133->67.845 | SSIM=0.82164->0.82373 | accepted=True | step=0.1875

==============================================================================================================================================
C6.6 FINAL SUMMARY
==============================================================================================================================================
      method         MSE       MAE      PSNR      SSIM       meas_J     Jwin   MSEwin    src-eq      time
        Hint     53.7118    2.5711   28.9344   0.85821  2.44904e-02        -        -      0.00     0.000
     C4-only     69.1334    3.7883   27.8382   0.82164  3.10955e-02        -        -      0.00     0.102
   C4+TExact     67.8916    3.7403   27.9169   0.82365  2.48120e-02      1/1      1/1     64.00     1.490
     C4+TGRA     67.8451    3.7402   27.9199   0.82373  2.62949e-02      1/1      1/1     16.00     2.988

Terminal Exact accepted = 1/1
Terminal GRA accepted   = 1/1
Terminal GRA J noninc   = 1/1
Terminal GRA mean Jdrop = +15.438%
Terminal GRA mean MSEgain = +1.863%
C6.6 GATE               = STRONG_TERMINAL_PASS
summary                  = /home/featurize/work/USCT_repro/USCT_download/c6_runs/c7_1b_adaptive_smoke1/summary.json
