====================================================================================================
C5.2a MgNO-I TRUE-BG OPERATOR GENERALIZATION
====================================================================================================
train images = 20
val images   = 5
estimated wave_scale = 3.72042429e-02
locked wave_scale    = 3.72290883e-02
[Background] keys = ['mean_field', 'background_field', 'src_indices', 'rec_indices']
[Background] selected key = background_field shape = (8, 480, 480)
[Background] source-index key = src_indices shape = (8, 2)
[Split] images=20 sources=8 pairs=160
[Split] speed_norm = (20, 1, 480, 480)
[Split] wave_norm  = (20, 8, 2, 480, 480)
[Background] keys = ['mean_field', 'background_field', 'src_indices', 'rec_indices']
[Background] selected key = background_field shape = (8, 480, 480)
[Background] source-index key = src_indices shape = (8, 2)
[Split] images=5 sources=8 pairs=40
[Split] speed_norm = (5, 1, 480, 480)
[Split] wave_norm  = (5, 8, 2, 480, 480)

channels        = 12
recurrent_iters = 4
parameters      = 93,543
epochs          = 2
accum_pairs     = 4
train pairs     = 160
val pairs       = 40
updates/epoch   = 40
total updates   = 80

INITIAL VALIDATION
val full           mean=0.893262 std=0.073393 median=0.894873 min=0.754935 max=1.070649
val receiver       mean=0.233191 std=0.024296 median=0.234103 min=0.182571 max=0.276085
[epoch 001/2] update=0040/80 loss=3.839068e-01 lr=5.050e-04 | val_full=0.817454 (max=0.940370) | val_rec=0.267532
[epoch 002/2] update=0080/80 loss=3.114360e-01 lr=1.000e-05 | val_full=0.770258 (max=0.910431) | val_rec=0.263287

====================================================================================================
BEST CHECKPOINT AUDIT
====================================================================================================
epoch  = 2
update = 80

TRAIN
train full         mean=0.773217 std=0.065893 median=0.774885 min=0.577160 max=0.946710
train receiver     mean=0.267921 std=0.015720 median=0.268699 min=0.230368 max=0.301004

VALIDATION
val full           mean=0.770258 std=0.054440 median=0.766955 min=0.670884 max=0.910431
val receiver       mean=0.263287 std=0.015672 median=0.264342 min=0.234630 max=0.301797

====================================================================================================
LATEST CHECKPOINT AUDIT
====================================================================================================
epoch  = 2
update = 80

TRAIN
train full         mean=0.773217 std=0.065893 median=0.774885 min=0.577160 max=0.946710
train receiver     mean=0.267921 std=0.015720 median=0.268699 min=0.230368 max=0.301004

VALIDATION
val full           mean=0.770258 std=0.054440 median=0.766955 min=0.670884 max=0.910431
val receiver       mean=0.263287 std=0.015672 median=0.264342 min=0.234630 max=0.301797

====================================================================================================
C5.2a MgNO-I FINAL SUMMARY
====================================================================================================
BEST epoch       = 2
BEST train full  = 0.773217
BEST val full    = 0.770258
BEST val rec     = 0.263287

LATEST epoch     = 2
LATEST train full= 0.773217
LATEST val full  = 0.770258
LATEST val rec   = 0.263287

FNO reference:
  best val full = 0.551782
  best val rec  = 0.192650

MgNO-I relative val-full gain vs FNO = -39.59%
[NO GAIN] MgNO-I does not yet beat the FNO smoke baseline.
