[Dataset] split=train images=1 pairs=8 wave_scale=3.72290883e-02
====================================================================================================
C5.1g SINGLE-PAIR FNO-BG CAPACITY AUDIT
====================================================================================================
source_idx  = 4
modes       = 25
width       = 32
depth       = 4
parameters  = 5,125,730
wave_scale  = 3.72290883e-02
steps       = 2000
lr          = 0.001

INITIAL full=1.043713 receiver=0.254547
[0001/2000] loss=5.276780e-01 lr=1.000e-03 | full=1.042017 rec=0.254116
[0025/2000] loss=2.584514e-01 lr=9.996e-04 | full=0.708294 rec=0.191284
[0050/2000] loss=1.732439e-02 lr=9.985e-04 | full=0.173026 rec=0.130225
[0075/2000] loss=2.797039e-03 lr=9.966e-04 | full=0.074354 rec=0.059012
[0100/2000] loss=1.599993e-03 lr=9.939e-04 | full=0.057020 rec=0.018866
[0125/2000] loss=1.204342e-03 lr=9.905e-04 | full=0.050526 rec=0.014337
[0150/2000] loss=9.510977e-04 lr=9.863e-04 | full=0.044722 rec=0.011854
[0175/2000] loss=7.652827e-04 lr=9.814e-04 | full=0.039339 rec=0.010294
[0200/2000] loss=6.554517e-04 lr=9.758e-04 | full=0.036553 rec=0.009340
[0225/2000] loss=5.353007e-04 lr=9.694e-04 | full=0.033591 rec=0.009173
[0250/2000] loss=4.871509e-04 lr=9.623e-04 | full=0.032394 rec=0.008468
[0275/2000] loss=3.879371e-04 lr=9.545e-04 | full=0.028238 rec=0.008073
[0300/2000] loss=7.812718e-04 lr=9.460e-04 | full=0.035650 rec=0.009325
[0325/2000] loss=3.096432e-04 lr=9.369e-04 | full=0.025099 rec=0.007329
[0350/2000] loss=2.636988e-04 lr=9.271e-04 | full=0.023361 rec=0.006869
[0375/2000] loss=2.585221e-04 lr=9.166e-04 | full=0.023240 rec=0.006430
[0400/2000] loss=2.153349e-04 lr=9.055e-04 | full=0.021027 rec=0.006146
[0425/2000] loss=2.507605e-04 lr=8.937e-04 | full=0.023741 rec=0.006095
[0450/2000] loss=1.854587e-04 lr=8.814e-04 | full=0.019547 rec=0.005477
[0475/2000] loss=1.705992e-04 lr=8.685e-04 | full=0.018791 rec=0.005214
[0500/2000] loss=1.717126e-04 lr=8.550e-04 | full=0.019301 rec=0.005219
[0525/2000] loss=1.524449e-04 lr=8.410e-04 | full=0.017682 rec=0.004930
[0550/2000] loss=1.422501e-04 lr=8.265e-04 | full=0.017126 rec=0.004631
[0575/2000] loss=1.646842e-04 lr=8.115e-04 | full=0.017201 rec=0.004477
[0600/2000] loss=1.321784e-04 lr=7.960e-04 | full=0.016553 rec=0.004410
[0625/2000] loss=1.229648e-04 lr=7.800e-04 | full=0.015912 rec=0.004223
[0650/2000] loss=1.524683e-04 lr=7.636e-04 | full=0.016636 rec=0.004230
[0675/2000] loss=1.140414e-04 lr=7.469e-04 | full=0.015290 rec=0.004064
[0700/2000] loss=1.349894e-04 lr=7.297e-04 | full=0.017194 rec=0.004067
[0725/2000] loss=1.065077e-04 lr=7.122e-04 | full=0.014775 rec=0.003885
[0750/2000] loss=1.001305e-04 lr=6.944e-04 | full=0.014374 rec=0.003753
[0775/2000] loss=9.838083e-05 lr=6.763e-04 | full=0.014254 rec=0.003691
[0800/2000] loss=9.674819e-05 lr=6.580e-04 | full=0.014077 rec=0.003671
[0825/2000] loss=9.024706e-05 lr=6.394e-04 | full=0.013646 rec=0.003589
[0850/2000] loss=8.841980e-05 lr=6.206e-04 | full=0.013503 rec=0.003576
[0875/2000] loss=8.481405e-05 lr=6.016e-04 | full=0.013226 rec=0.003497
[0900/2000] loss=8.250254e-05 lr=5.824e-04 | full=0.013047 rec=0.003423
[0925/2000] loss=7.988916e-05 lr=5.632e-04 | full=0.012835 rec=0.003378
[0950/2000] loss=7.772210e-05 lr=5.438e-04 | full=0.012660 rec=0.003342
[0975/2000] loss=7.571559e-05 lr=5.244e-04 | full=0.012496 rec=0.003298
[1000/2000] loss=7.378020e-05 lr=5.050e-04 | full=0.012335 rec=0.003262
[1025/2000] loss=7.202847e-05 lr=4.856e-04 | full=0.012188 rec=0.003220
[1050/2000] loss=7.037134e-05 lr=4.662e-04 | full=0.012049 rec=0.003182
[1075/2000] loss=6.883675e-05 lr=4.468e-04 | full=0.011917 rec=0.003152
[1100/2000] loss=6.738723e-05 lr=4.276e-04 | full=0.011789 rec=0.003119
[1125/2000] loss=6.604055e-05 lr=4.084e-04 | full=0.011672 rec=0.003102
[1150/2000] loss=6.477792e-05 lr=3.894e-04 | full=0.011560 rec=0.003063
[1175/2000] loss=6.359325e-05 lr=3.706e-04 | full=0.011454 rec=0.003045
[1200/2000] loss=6.248678e-05 lr=3.520e-04 | full=0.011354 rec=0.003024
[1225/2000] loss=6.145671e-05 lr=3.337e-04 | full=0.011260 rec=0.003003
[1250/2000] loss=6.049002e-05 lr=3.156e-04 | full=0.011171 rec=0.002988
[1275/2000] loss=5.958978e-05 lr=2.978e-04 | full=0.011088 rec=0.002968
[1300/2000] loss=5.875468e-05 lr=2.803e-04 | full=0.011011 rec=0.002949
[1325/2000] loss=5.796457e-05 lr=2.631e-04 | full=0.010936 rec=0.002937
[1350/2000] loss=5.725157e-05 lr=2.464e-04 | full=0.010869 rec=0.002925
[1375/2000] loss=5.658521e-05 lr=2.300e-04 | full=0.010806 rec=0.002916
[1400/2000] loss=5.594971e-05 lr=2.140e-04 | full=0.010745 rec=0.002892
[1425/2000] loss=5.537647e-05 lr=1.985e-04 | full=0.010690 rec=0.002885
[1450/2000] loss=5.484925e-05 lr=1.835e-04 | full=0.010639 rec=0.002879
[1475/2000] loss=5.435134e-05 lr=1.690e-04 | full=0.010591 rec=0.002862
[1500/2000] loss=5.390022e-05 lr=1.550e-04 | full=0.010547 rec=0.002857
[1525/2000] loss=5.349941e-05 lr=1.415e-04 | full=0.010508 rec=0.002850
[1550/2000] loss=5.312965e-05 lr=1.286e-04 | full=0.010472 rec=0.002839
[1575/2000] loss=5.278539e-05 lr=1.163e-04 | full=0.010438 rec=0.002837
[1600/2000] loss=5.247052e-05 lr=1.045e-04 | full=0.010407 rec=0.002828
[1625/2000] loss=5.219465e-05 lr=9.342e-05 | full=0.010379 rec=0.002824
[1650/2000] loss=5.194958e-05 lr=8.294e-05 | full=0.010355 rec=0.002818
[1675/2000] loss=5.173883e-05 lr=7.311e-05 | full=0.010334 rec=0.002817
[1700/2000] loss=5.154573e-05 lr=6.395e-05 | full=0.010315 rec=0.002813
[1725/2000] loss=5.137424e-05 lr=5.547e-05 | full=0.010298 rec=0.002809
[1750/2000] loss=5.122763e-05 lr=4.768e-05 | full=0.010283 rec=0.002809
[1775/2000] loss=5.110131e-05 lr=4.060e-05 | full=0.010270 rec=0.002807
[1800/2000] loss=5.098504e-05 lr=3.423e-05 | full=0.010259 rec=0.002803
[1825/2000] loss=5.089209e-05 lr=2.858e-05 | full=0.010250 rec=0.002799
[1850/2000] loss=5.081591e-05 lr=2.368e-05 | full=0.010242 rec=0.002795
[1875/2000] loss=5.075326e-05 lr=1.951e-05 | full=0.010236 rec=0.002796
[1900/2000] loss=5.070054e-05 lr=1.609e-05 | full=0.010230 rec=0.002793
[1925/2000] loss=5.065390e-05 lr=1.343e-05 | full=0.010226 rec=0.002795
[1950/2000] loss=5.061106e-05 lr=1.153e-05 | full=0.010221 rec=0.002791
[1975/2000] loss=5.057841e-05 lr=1.038e-05 | full=0.010218 rec=0.002793
[2000/2000] loss=5.054738e-05 lr=1.000e-05 | full=0.010215 rec=0.002789

====================================================================================================
C5.1g SINGLE-PAIR CAPACITY SUMMARY
====================================================================================================
initial full = 1.043713
best full    = 0.010215 @ step 2000
best rec     = 0.002789
[STRONG PASS] single-wavefield capacity confirmed.
