[Dataset] split=train images=1 pairs=8 wave_scale=3.72290883e-02
====================================================================================================
C5.1g SINGLE-PAIR FNO-BG CAPACITY AUDIT
====================================================================================================
source_idx  = 0
modes       = 25
width       = 32
depth       = 4
parameters  = 5,125,730
wave_scale  = 3.72290883e-02
steps       = 2000
lr          = 0.001

INITIAL full=0.934146 receiver=0.196573
[0001/2000] loss=4.254338e-01 lr=1.000e-03 | full=0.932655 rec=0.196208
[0025/2000] loss=1.933274e-01 lr=9.996e-04 | full=0.608153 rec=0.159412
[0050/2000] loss=1.307381e-02 lr=9.985e-04 | full=0.154954 rec=0.142251
[0075/2000] loss=4.185735e-03 lr=9.966e-04 | full=0.091250 rec=0.057938
[0100/2000] loss=2.388587e-03 lr=9.939e-04 | full=0.069526 rec=0.025448
[0125/2000] loss=1.660708e-03 lr=9.905e-04 | full=0.057986 rec=0.019982
[0150/2000] loss=1.308317e-03 lr=9.863e-04 | full=0.051465 rec=0.016020
[0175/2000] loss=1.023706e-03 lr=9.814e-04 | full=0.045603 rec=0.013541
[0200/2000] loss=8.654805e-04 lr=9.758e-04 | full=0.041973 rec=0.012249
[0225/2000] loss=8.639777e-04 lr=9.694e-04 | full=0.041247 rec=0.011765
[0250/2000] loss=5.606647e-04 lr=9.623e-04 | full=0.033906 rec=0.010576
[0275/2000] loss=6.093397e-04 lr=9.545e-04 | full=0.031620 rec=0.009227
[0300/2000] loss=3.912970e-04 lr=9.460e-04 | full=0.028372 rec=0.008662
[0325/2000] loss=5.546791e-04 lr=9.369e-04 | full=0.030909 rec=0.008084
[0350/2000] loss=2.947536e-04 lr=9.271e-04 | full=0.024640 rec=0.007868
[0375/2000] loss=2.578611e-04 lr=9.166e-04 | full=0.022924 rec=0.007142
[0400/2000] loss=3.331628e-04 lr=9.055e-04 | full=0.028508 rec=0.007254
[0425/2000] loss=2.224354e-04 lr=8.937e-04 | full=0.021269 rec=0.006751
[0450/2000] loss=1.962870e-04 lr=8.814e-04 | full=0.020033 rec=0.006337
[0475/2000] loss=3.418393e-04 lr=8.685e-04 | full=0.027099 rec=0.007211
[0500/2000] loss=1.755175e-04 lr=8.550e-04 | full=0.018804 rec=0.005951
[0525/2000] loss=1.656806e-04 lr=8.410e-04 | full=0.018567 rec=0.005696
[0550/2000] loss=1.689592e-04 lr=8.265e-04 | full=0.018756 rec=0.005766
[0575/2000] loss=1.466494e-04 lr=8.115e-04 | full=0.017535 rec=0.005415
[0600/2000] loss=1.358553e-04 lr=7.960e-04 | full=0.016726 rec=0.005276
[0625/2000] loss=1.664403e-04 lr=7.800e-04 | full=0.017554 rec=0.005185
[0650/2000] loss=1.232155e-04 lr=7.636e-04 | full=0.015871 rec=0.005002
[0675/2000] loss=1.168634e-04 lr=7.469e-04 | full=0.015479 rec=0.004915
[0700/2000] loss=1.441590e-04 lr=7.297e-04 | full=0.017650 rec=0.005095
[0725/2000] loss=1.119899e-04 lr=7.122e-04 | full=0.015065 rec=0.004725
[0750/2000] loss=1.032128e-04 lr=6.944e-04 | full=0.014539 rec=0.004639
[0775/2000] loss=9.915819e-05 lr=6.763e-04 | full=0.014251 rec=0.004561
[0800/2000] loss=9.932279e-05 lr=6.580e-04 | full=0.014310 rec=0.004541
[0825/2000] loss=9.292825e-05 lr=6.394e-04 | full=0.013782 rec=0.004444
[0850/2000] loss=8.929500e-05 lr=6.206e-04 | full=0.013526 rec=0.004372
[0875/2000] loss=8.695109e-05 lr=6.016e-04 | full=0.013343 rec=0.004333
[0900/2000] loss=8.726827e-05 lr=5.824e-04 | full=0.013403 rec=0.004244
[0925/2000] loss=8.147179e-05 lr=5.632e-04 | full=0.012920 rec=0.004202
[0950/2000] loss=7.906877e-05 lr=5.438e-04 | full=0.012732 rec=0.004154
[0975/2000] loss=7.691511e-05 lr=5.244e-04 | full=0.012551 rec=0.004103
[1000/2000] loss=7.489679e-05 lr=5.050e-04 | full=0.012388 rec=0.004060
[1025/2000] loss=7.302543e-05 lr=4.856e-04 | full=0.012234 rec=0.004015
[1050/2000] loss=7.133433e-05 lr=4.662e-04 | full=0.012089 rec=0.003977
[1075/2000] loss=6.969245e-05 lr=4.468e-04 | full=0.011951 rec=0.003929
[1100/2000] loss=6.818814e-05 lr=4.276e-04 | full=0.011820 rec=0.003896
[1125/2000] loss=6.677592e-05 lr=4.084e-04 | full=0.011699 rec=0.003860
[1150/2000] loss=6.545845e-05 lr=3.894e-04 | full=0.011584 rec=0.003822
[1175/2000] loss=6.423760e-05 lr=3.706e-04 | full=0.011475 rec=0.003797
[1200/2000] loss=6.308585e-05 lr=3.520e-04 | full=0.011371 rec=0.003755
[1225/2000] loss=6.202657e-05 lr=3.337e-04 | full=0.011276 rec=0.003723
[1250/2000] loss=6.102034e-05 lr=3.156e-04 | full=0.011184 rec=0.003697
[1275/2000] loss=6.009363e-05 lr=2.978e-04 | full=0.011099 rec=0.003676
[1300/2000] loss=5.923657e-05 lr=2.803e-04 | full=0.011020 rec=0.003648
[1325/2000] loss=5.843587e-05 lr=2.631e-04 | full=0.010945 rec=0.003623
[1350/2000] loss=5.770056e-05 lr=2.464e-04 | full=0.010876 rec=0.003611
[1375/2000] loss=5.701169e-05 lr=2.300e-04 | full=0.010811 rec=0.003585
[1400/2000] loss=5.637987e-05 lr=2.140e-04 | full=0.010751 rec=0.003567
[1425/2000] loss=5.578799e-05 lr=1.985e-04 | full=0.010695 rec=0.003549
[1450/2000] loss=5.524714e-05 lr=1.835e-04 | full=0.010643 rec=0.003531
[1475/2000] loss=5.474640e-05 lr=1.690e-04 | full=0.010595 rec=0.003514
[1500/2000] loss=5.429219e-05 lr=1.550e-04 | full=0.010551 rec=0.003500
[1525/2000] loss=5.387525e-05 lr=1.415e-04 | full=0.010511 rec=0.003492
[1550/2000] loss=5.349483e-05 lr=1.286e-04 | full=0.010474 rec=0.003475
[1575/2000] loss=5.314550e-05 lr=1.163e-04 | full=0.010439 rec=0.003464
[1600/2000] loss=5.283447e-05 lr=1.045e-04 | full=0.010409 rec=0.003455
[1625/2000] loss=5.255949e-05 lr=9.342e-05 | full=0.010382 rec=0.003450
[1650/2000] loss=5.231277e-05 lr=8.294e-05 | full=0.010358 rec=0.003443
[1675/2000] loss=5.208936e-05 lr=7.311e-05 | full=0.010336 rec=0.003434
[1700/2000] loss=5.189331e-05 lr=6.395e-05 | full=0.010316 rec=0.003427
[1725/2000] loss=5.172595e-05 lr=5.547e-05 | full=0.010300 rec=0.003422
[1750/2000] loss=5.157147e-05 lr=4.768e-05 | full=0.010284 rec=0.003412
[1775/2000] loss=5.143942e-05 lr=4.060e-05 | full=0.010271 rec=0.003413
[1800/2000] loss=5.132776e-05 lr=3.423e-05 | full=0.010260 rec=0.003407
[1825/2000] loss=5.124040e-05 lr=2.858e-05 | full=0.010252 rec=0.003403
[1850/2000] loss=5.115679e-05 lr=2.368e-05 | full=0.010243 rec=0.003400
[1875/2000] loss=5.108858e-05 lr=1.951e-05 | full=0.010236 rec=0.003399
[1900/2000] loss=5.103767e-05 lr=1.609e-05 | full=0.010231 rec=0.003397
[1925/2000] loss=5.099292e-05 lr=1.343e-05 | full=0.010227 rec=0.003398
[1950/2000] loss=5.095189e-05 lr=1.153e-05 | full=0.010223 rec=0.003398
[1975/2000] loss=5.091720e-05 lr=1.038e-05 | full=0.010219 rec=0.003398
[2000/2000] loss=5.088574e-05 lr=1.000e-05 | full=0.010216 rec=0.003395

====================================================================================================
C5.1g SINGLE-PAIR CAPACITY SUMMARY
====================================================================================================
initial full = 0.934146
best full    = 0.010216 @ step 2000
best rec     = 0.003395
[STRONG PASS] single-wavefield capacity confirmed.
