[Dataset] split=train images=1 pairs=8 wave_scale=3.72290883e-02
====================================================================================================
C5.1g SINGLE-PAIR FNO-BG CAPACITY AUDIT
====================================================================================================
source_idx  = 7
modes       = 25
width       = 32
depth       = 4
parameters  = 5,125,730
wave_scale  = 3.72290883e-02
steps       = 2000
lr          = 0.001

INITIAL full=0.947025 receiver=0.259489
[0001/2000] loss=4.625795e-01 lr=1.000e-03 | full=0.945532 rec=0.259035
[0025/2000] loss=2.126539e-01 lr=9.996e-04 | full=0.620742 rec=0.181372
[0050/2000] loss=1.083124e-02 lr=9.985e-04 | full=0.132859 rec=0.129894
[0075/2000] loss=2.564132e-03 lr=9.966e-04 | full=0.069982 rec=0.040030
[0100/2000] loss=1.474444e-03 lr=9.939e-04 | full=0.053036 rec=0.017690
[0125/2000] loss=9.938013e-04 lr=9.905e-04 | full=0.043986 rec=0.012944
[0150/2000] loss=7.311783e-04 lr=9.863e-04 | full=0.037436 rec=0.010909
[0175/2000] loss=1.082066e-03 lr=9.814e-04 | full=0.039080 rec=0.010996
[0200/2000] loss=5.074251e-04 lr=9.758e-04 | full=0.030905 rec=0.009324
[0225/2000] loss=6.124987e-04 lr=9.694e-04 | full=0.037502 rec=0.011257
[0250/2000] loss=3.759954e-04 lr=9.623e-04 | full=0.027088 rec=0.008365
[0275/2000] loss=3.400945e-04 lr=9.545e-04 | full=0.026271 rec=0.008598
[0300/2000] loss=2.924329e-04 lr=9.460e-04 | full=0.023799 rec=0.008031
[0325/2000] loss=6.097084e-04 lr=9.369e-04 | full=0.035622 rec=0.009173
[0350/2000] loss=2.510048e-04 lr=9.271e-04 | full=0.022024 rec=0.007469
[0375/2000] loss=2.163182e-04 lr=9.166e-04 | full=0.020481 rec=0.007220
[0400/2000] loss=2.243273e-04 lr=9.055e-04 | full=0.019801 rec=0.006605
[0425/2000] loss=1.803565e-04 lr=8.937e-04 | full=0.018713 rec=0.006421
[0450/2000] loss=1.664159e-04 lr=8.814e-04 | full=0.018009 rec=0.006171
[0475/2000] loss=1.583858e-04 lr=8.685e-04 | full=0.017439 rec=0.006063
[0500/2000] loss=1.922913e-04 lr=8.550e-04 | full=0.021573 rec=0.006237
[0525/2000] loss=1.431986e-04 lr=8.410e-04 | full=0.016469 rec=0.005508
[0550/2000] loss=1.263782e-04 lr=8.265e-04 | full=0.015644 rec=0.005382
[0575/2000] loss=1.663596e-04 lr=8.115e-04 | full=0.018353 rec=0.005784
[0600/2000] loss=1.132351e-04 lr=7.960e-04 | full=0.014827 rec=0.005038
[0625/2000] loss=1.148585e-04 lr=7.800e-04 | full=0.015120 rec=0.004935
[0650/2000] loss=1.050294e-04 lr=7.636e-04 | full=0.014056 rec=0.004746
[0675/2000] loss=9.642096e-05 lr=7.469e-04 | full=0.013681 rec=0.004671
[0700/2000] loss=9.850753e-05 lr=7.297e-04 | full=0.013908 rec=0.004678
[0725/2000] loss=1.190460e-04 lr=7.122e-04 | full=0.014743 rec=0.004703
[0750/2000] loss=8.467049e-05 lr=6.944e-04 | full=0.012778 rec=0.004277
[0775/2000] loss=8.393265e-05 lr=6.763e-04 | full=0.012759 rec=0.004225
[0800/2000] loss=8.051662e-05 lr=6.580e-04 | full=0.012540 rec=0.004179
[0825/2000] loss=7.855352e-05 lr=6.394e-04 | full=0.012314 rec=0.004062
[0850/2000] loss=7.274997e-05 lr=6.206e-04 | full=0.011869 rec=0.003947
[0875/2000] loss=7.004379e-05 lr=6.016e-04 | full=0.011659 rec=0.003884
[0900/2000] loss=6.731518e-05 lr=5.824e-04 | full=0.011419 rec=0.003798
[0925/2000] loss=6.504621e-05 lr=5.632e-04 | full=0.011223 rec=0.003732
[0950/2000] loss=6.306956e-05 lr=5.438e-04 | full=0.011052 rec=0.003651
[0975/2000] loss=6.127326e-05 lr=5.244e-04 | full=0.010894 rec=0.003579
[1000/2000] loss=5.954572e-05 lr=5.050e-04 | full=0.010739 rec=0.003525
[1025/2000] loss=5.797403e-05 lr=4.856e-04 | full=0.010596 rec=0.003473
[1050/2000] loss=5.648960e-05 lr=4.662e-04 | full=0.010460 rec=0.003409
[1075/2000] loss=5.513339e-05 lr=4.468e-04 | full=0.010334 rec=0.003361
[1100/2000] loss=5.386738e-05 lr=4.276e-04 | full=0.010215 rec=0.003308
[1125/2000] loss=5.268743e-05 lr=4.084e-04 | full=0.010102 rec=0.003261
[1150/2000] loss=5.157036e-05 lr=3.894e-04 | full=0.009995 rec=0.003226
[1175/2000] loss=5.056503e-05 lr=3.706e-04 | full=0.009897 rec=0.003177
[1200/2000] loss=4.960217e-05 lr=3.520e-04 | full=0.009804 rec=0.003147
[1225/2000] loss=4.870746e-05 lr=3.337e-04 | full=0.009715 rec=0.003108
[1250/2000] loss=4.788288e-05 lr=3.156e-04 | full=0.009632 rec=0.003074
[1275/2000] loss=4.711920e-05 lr=2.978e-04 | full=0.009555 rec=0.003044
[1300/2000] loss=4.640324e-05 lr=2.803e-04 | full=0.009482 rec=0.003015
[1325/2000] loss=4.574915e-05 lr=2.631e-04 | full=0.009415 rec=0.002992
[1350/2000] loss=4.513529e-05 lr=2.464e-04 | full=0.009352 rec=0.002961
[1375/2000] loss=4.456582e-05 lr=2.300e-04 | full=0.009293 rec=0.002940
[1400/2000] loss=4.404167e-05 lr=2.140e-04 | full=0.009239 rec=0.002912
[1425/2000] loss=4.356605e-05 lr=1.985e-04 | full=0.009189 rec=0.002898
[1450/2000] loss=4.312007e-05 lr=1.835e-04 | full=0.009141 rec=0.002879
[1475/2000] loss=4.270964e-05 lr=1.690e-04 | full=0.009098 rec=0.002861
[1500/2000] loss=4.233565e-05 lr=1.550e-04 | full=0.009058 rec=0.002845
[1525/2000] loss=4.200454e-05 lr=1.415e-04 | full=0.009023 rec=0.002831
[1550/2000] loss=4.169842e-05 lr=1.286e-04 | full=0.008990 rec=0.002811
[1575/2000] loss=4.141125e-05 lr=1.163e-04 | full=0.008959 rec=0.002805
[1600/2000] loss=4.115590e-05 lr=1.045e-04 | full=0.008932 rec=0.002796
[1625/2000] loss=4.093099e-05 lr=9.342e-05 | full=0.008907 rec=0.002784
[1650/2000] loss=4.072805e-05 lr=8.294e-05 | full=0.008886 rec=0.002776
[1675/2000] loss=4.055275e-05 lr=7.311e-05 | full=0.008866 rec=0.002765
[1700/2000] loss=4.039899e-05 lr=6.395e-05 | full=0.008850 rec=0.002763
[1725/2000] loss=4.025454e-05 lr=5.547e-05 | full=0.008834 rec=0.002755
[1750/2000] loss=4.013025e-05 lr=4.768e-05 | full=0.008820 rec=0.002748
[1775/2000] loss=4.002616e-05 lr=4.060e-05 | full=0.008809 rec=0.002747
[1800/2000] loss=3.993509e-05 lr=3.423e-05 | full=0.008799 rec=0.002736
[1825/2000] loss=3.986079e-05 lr=2.858e-05 | full=0.008791 rec=0.002738
[1850/2000] loss=3.979811e-05 lr=2.368e-05 | full=0.008784 rec=0.002735
[1875/2000] loss=3.974834e-05 lr=1.951e-05 | full=0.008778 rec=0.002732
[1900/2000] loss=3.970625e-05 lr=1.609e-05 | full=0.008774 rec=0.002730
[1925/2000] loss=3.966963e-05 lr=1.343e-05 | full=0.008770 rec=0.002728
[1950/2000] loss=3.963553e-05 lr=1.153e-05 | full=0.008766 rec=0.002726
[1975/2000] loss=3.960997e-05 lr=1.038e-05 | full=0.008763 rec=0.002728
[2000/2000] loss=3.958685e-05 lr=1.000e-05 | full=0.008761 rec=0.002727

====================================================================================================
C5.1g SINGLE-PAIR CAPACITY SUMMARY
====================================================================================================
initial full = 0.947025
best full    = 0.008761 @ step 2000
best rec     = 0.002727
[STRONG PASS] single-wavefield capacity confirmed.
