[Dataset] split=train images=1 pairs=8 wave_scale=3.72290883e-02
====================================================================================================
C5.1g SINGLE-PAIR FNO-BG CAPACITY AUDIT
====================================================================================================
source_idx  = 2
modes       = 25
width       = 32
depth       = 4
parameters  = 5,125,730
wave_scale  = 3.72290883e-02
steps       = 2000
lr          = 0.001

INITIAL full=0.996001 receiver=0.266804
[0001/2000] loss=4.778593e-01 lr=1.000e-03 | full=0.994306 rec=0.266434
[0025/2000] loss=2.251903e-01 lr=9.996e-04 | full=0.661379 rec=0.201379
[0050/2000] loss=1.178834e-02 lr=9.985e-04 | full=0.143004 rec=0.113299
[0075/2000] loss=2.783154e-03 lr=9.966e-04 | full=0.074760 rec=0.063046
[0100/2000] loss=1.644184e-03 lr=9.939e-04 | full=0.057890 rec=0.023069
[0125/2000] loss=1.160552e-03 lr=9.905e-04 | full=0.048828 rec=0.014811
[0150/2000] loss=9.582008e-04 lr=9.863e-04 | full=0.043945 rec=0.012515
[0175/2000] loss=7.668022e-04 lr=9.814e-04 | full=0.039754 rec=0.011578
[0200/2000] loss=7.403062e-04 lr=9.758e-04 | full=0.039558 rec=0.011392
[0225/2000] loss=5.685373e-04 lr=9.694e-04 | full=0.034207 rec=0.009713
[0250/2000] loss=7.603791e-04 lr=9.623e-04 | full=0.036927 rec=0.010074
[0275/2000] loss=4.528936e-04 lr=9.545e-04 | full=0.030339 rec=0.008334
[0300/2000] loss=3.916906e-04 lr=9.460e-04 | full=0.028511 rec=0.007836
[0325/2000] loss=3.956120e-04 lr=9.369e-04 | full=0.028310 rec=0.007263
[0350/2000] loss=3.220367e-04 lr=9.271e-04 | full=0.025795 rec=0.007113
[0375/2000] loss=3.079265e-04 lr=9.166e-04 | full=0.025916 rec=0.006907
[0400/2000] loss=2.859014e-04 lr=9.055e-04 | full=0.023969 rec=0.006824
[0425/2000] loss=2.415216e-04 lr=8.937e-04 | full=0.022375 rec=0.006298
[0450/2000] loss=2.547746e-04 lr=8.814e-04 | full=0.024257 rec=0.006747
[0475/2000] loss=2.204712e-04 lr=8.685e-04 | full=0.021584 rec=0.006305
[0500/2000] loss=1.924830e-04 lr=8.550e-04 | full=0.019924 rec=0.005623
[0525/2000] loss=1.839176e-04 lr=8.410e-04 | full=0.019802 rec=0.005461
[0550/2000] loss=1.707484e-04 lr=8.265e-04 | full=0.018757 rec=0.005328
[0575/2000] loss=1.780835e-04 lr=8.115e-04 | full=0.019656 rec=0.005466
[0600/2000] loss=1.626152e-04 lr=7.960e-04 | full=0.018066 rec=0.005072
[0625/2000] loss=1.395806e-04 lr=7.800e-04 | full=0.016974 rec=0.004755
[0650/2000] loss=2.164243e-04 lr=7.636e-04 | full=0.023575 rec=0.006438
[0675/2000] loss=1.346749e-04 lr=7.469e-04 | full=0.016698 rec=0.004690
[0700/2000] loss=1.201848e-04 lr=7.297e-04 | full=0.015780 rec=0.004430
[0725/2000] loss=1.137486e-04 lr=7.122e-04 | full=0.015356 rec=0.004286
[0750/2000] loss=1.086309e-04 lr=6.944e-04 | full=0.015004 rec=0.004197
[0775/2000] loss=1.129455e-04 lr=6.763e-04 | full=0.015608 rec=0.004413
[0800/2000] loss=1.064891e-04 lr=6.580e-04 | full=0.014679 rec=0.004039
[0825/2000] loss=9.675444e-05 lr=6.394e-04 | full=0.014156 rec=0.003943
[0850/2000] loss=9.312684e-05 lr=6.206e-04 | full=0.013895 rec=0.003834
[0875/2000] loss=8.959661e-05 lr=6.016e-04 | full=0.013629 rec=0.003781
[0900/2000] loss=8.665161e-05 lr=5.824e-04 | full=0.013401 rec=0.003724
[0925/2000] loss=8.396132e-05 lr=5.632e-04 | full=0.013195 rec=0.003663
[0950/2000] loss=8.124940e-05 lr=5.438e-04 | full=0.012976 rec=0.003614
[0975/2000] loss=7.866606e-05 lr=5.244e-04 | full=0.012771 rec=0.003562
[1000/2000] loss=7.639029e-05 lr=5.050e-04 | full=0.012587 rec=0.003508
[1025/2000] loss=7.426663e-05 lr=4.856e-04 | full=0.012409 rec=0.003463
[1050/2000] loss=7.229267e-05 lr=4.662e-04 | full=0.012244 rec=0.003419
[1075/2000] loss=7.046149e-05 lr=4.468e-04 | full=0.012088 rec=0.003386
[1100/2000] loss=6.875768e-05 lr=4.276e-04 | full=0.011941 rec=0.003339
[1125/2000] loss=6.715308e-05 lr=4.084e-04 | full=0.011801 rec=0.003311
[1150/2000] loss=6.566531e-05 lr=3.894e-04 | full=0.011671 rec=0.003276
[1175/2000] loss=6.426911e-05 lr=3.706e-04 | full=0.011546 rec=0.003243
[1200/2000] loss=6.297831e-05 lr=3.520e-04 | full=0.011430 rec=0.003225
[1225/2000] loss=6.177968e-05 lr=3.337e-04 | full=0.011320 rec=0.003187
[1250/2000] loss=6.065955e-05 lr=3.156e-04 | full=0.011217 rec=0.003164
[1275/2000] loss=5.961531e-05 lr=2.978e-04 | full=0.011120 rec=0.003143
[1300/2000] loss=5.864661e-05 lr=2.803e-04 | full=0.011030 rec=0.003120
[1325/2000] loss=5.774364e-05 lr=2.631e-04 | full=0.010945 rec=0.003097
[1350/2000] loss=5.691635e-05 lr=2.464e-04 | full=0.010867 rec=0.003080
[1375/2000] loss=5.614300e-05 lr=2.300e-04 | full=0.010793 rec=0.003065
[1400/2000] loss=5.543606e-05 lr=2.140e-04 | full=0.010724 rec=0.003046
[1425/2000] loss=5.478111e-05 lr=1.985e-04 | full=0.010662 rec=0.003031
[1450/2000] loss=5.418305e-05 lr=1.835e-04 | full=0.010603 rec=0.003018
[1475/2000] loss=5.361881e-05 lr=1.690e-04 | full=0.010548 rec=0.003005
[1500/2000] loss=5.311710e-05 lr=1.550e-04 | full=0.010499 rec=0.002993
[1525/2000] loss=5.266590e-05 lr=1.415e-04 | full=0.010455 rec=0.002983
[1550/2000] loss=5.222623e-05 lr=1.286e-04 | full=0.010411 rec=0.002965
[1575/2000] loss=5.185434e-05 lr=1.163e-04 | full=0.010374 rec=0.002962
[1600/2000] loss=5.151296e-05 lr=1.045e-04 | full=0.010340 rec=0.002954
[1625/2000] loss=5.120314e-05 lr=9.342e-05 | full=0.010309 rec=0.002944
[1650/2000] loss=5.092700e-05 lr=8.294e-05 | full=0.010281 rec=0.002937
[1675/2000] loss=5.068316e-05 lr=7.311e-05 | full=0.010257 rec=0.002933
[1700/2000] loss=5.047047e-05 lr=6.395e-05 | full=0.010235 rec=0.002924
[1725/2000] loss=5.027434e-05 lr=5.547e-05 | full=0.010215 rec=0.002917
[1750/2000] loss=5.010902e-05 lr=4.768e-05 | full=0.010198 rec=0.002922
[1775/2000] loss=4.996831e-05 lr=4.060e-05 | full=0.010184 rec=0.002915
[1800/2000] loss=4.984904e-05 lr=3.423e-05 | full=0.010172 rec=0.002908
[1825/2000] loss=4.974465e-05 lr=2.858e-05 | full=0.010162 rec=0.002907
[1850/2000] loss=4.966050e-05 lr=2.368e-05 | full=0.010153 rec=0.002905
[1875/2000] loss=4.958993e-05 lr=1.951e-05 | full=0.010146 rec=0.002903
[1900/2000] loss=4.953259e-05 lr=1.609e-05 | full=0.010140 rec=0.002904
[1925/2000] loss=4.948102e-05 lr=1.343e-05 | full=0.010135 rec=0.002903
[1950/2000] loss=4.944029e-05 lr=1.153e-05 | full=0.010131 rec=0.002905
[1975/2000] loss=4.940543e-05 lr=1.038e-05 | full=0.010127 rec=0.002899
[2000/2000] loss=4.937204e-05 lr=1.000e-05 | full=0.010124 rec=0.002899

====================================================================================================
C5.1g SINGLE-PAIR CAPACITY SUMMARY
====================================================================================================
initial full = 0.996001
best full    = 0.010124 @ step 2000
best rec     = 0.002899
[STRONG PASS] single-wavefield capacity confirmed.
