[Dataset] split=train images=1 pairs=8 wave_scale=3.72290883e-02
[Dataset] split=val images=1 pairs=8 wave_scale=3.72290883e-02
====================================================================================================
C5.1e MgNO-I-LIKE BACKGROUND WAVEFIELD
====================================================================================================
channels       = 12
num_vcycles    = 4
levels         = 5
grid hierarchy = 480 -> 240 -> 120 -> 60 -> 30
pre/post       = 1 / 1
wave_scale     = 3.72290883e-02
parameters     = 188,246

INITIAL train full=0.963940 rec=0.245470
INITIAL val   full=0.985249 rec=0.246849
[001/80] loss=4.763525e-01 | train full=0.9635 rec=0.2453 | val full=0.9848 rec=0.2467
[002/80] loss=4.753254e-01 | train full=0.9609 rec=0.2446 | val full=0.9822 rec=0.2461
[003/80] loss=4.711340e-01 | train full=0.9542 rec=0.2431 | val full=0.9755 rec=0.2446
[004/80] loss=4.622364e-01 | train full=0.9411 rec=0.2402 | val full=0.9626 rec=0.2418
[005/80] loss=4.474245e-01 | train full=0.9206 rec=0.2362 | val full=0.9424 rec=0.2380
[006/80] loss=4.255981e-01 | train full=0.8936 rec=0.2314 | val full=0.9166 rec=0.2336
[007/80] loss=4.000801e-01 | train full=0.8657 rec=0.2268 | val full=0.8908 rec=0.2296
[008/80] loss=3.760311e-01 | train full=0.8393 rec=0.2238 | val full=0.8642 rec=0.2269
[009/80] loss=3.552938e-01 | train full=0.8173 rec=0.2204 | val full=0.8432 rec=0.2243
[010/80] loss=3.359435e-01 | train full=0.7893 rec=0.2161 | val full=0.8206 rec=0.2206
[011/80] loss=3.143663e-01 | train full=0.7667 rec=0.2112 | val full=0.7980 rec=0.2163
[012/80] loss=2.982156e-01 | train full=0.7526 rec=0.2103 | val full=0.7898 rec=0.2166
[013/80] loss=2.888391e-01 | train full=0.7389 rec=0.2043 | val full=0.7683 rec=0.2117
[014/80] loss=2.761637e-01 | train full=0.7195 rec=0.2005 | val full=0.7561 rec=0.2087
[015/80] loss=2.705270e-01 | train full=0.7094 rec=0.1971 | val full=0.7488 rec=0.2054
[016/80] loss=2.573491e-01 | train full=0.6882 rec=0.1927 | val full=0.7255 rec=0.2018
[017/80] loss=2.472901e-01 | train full=0.6831 rec=0.1934 | val full=0.7274 rec=0.2020
[018/80] loss=2.401004e-01 | train full=0.6694 rec=0.1906 | val full=0.7054 rec=0.2035
[019/80] loss=2.276916e-01 | train full=0.6559 rec=0.1855 | val full=0.6835 rec=0.1926
[020/80] loss=2.151447e-01 | train full=0.6268 rec=0.1782 | val full=0.6768 rec=0.1929
[021/80] loss=2.063802e-01 | train full=0.6271 rec=0.1761 | val full=0.6575 rec=0.1898
[022/80] loss=1.954212e-01 | train full=0.5972 rec=0.1683 | val full=0.6521 rec=0.1845
[023/80] loss=1.805180e-01 | train full=0.5841 rec=0.1706 | val full=0.6261 rec=0.1901
[024/80] loss=1.733921e-01 | train full=0.5639 rec=0.1640 | val full=0.6211 rec=0.1784
[025/80] loss=1.617488e-01 | train full=0.5416 rec=0.1635 | val full=0.5916 rec=0.1850
[026/80] loss=1.655319e-01 | train full=0.5351 rec=0.1552 | val full=0.5980 rec=0.1722
[027/80] loss=1.551387e-01 | train full=0.5042 rec=0.1499 | val full=0.5589 rec=0.1710
[028/80] loss=1.392450e-01 | train full=0.4995 rec=0.1518 | val full=0.5614 rec=0.1790
[029/80] loss=1.260687e-01 | train full=0.4847 rec=0.1430 | val full=0.5570 rec=0.1657
[030/80] loss=1.263990e-01 | train full=0.5113 rec=0.1532 | val full=0.5537 rec=0.1798
[031/80] loss=1.330378e-01 | train full=0.4880 rec=0.1404 | val full=0.5833 rec=0.1699
[032/80] loss=1.154584e-01 | train full=0.4902 rec=0.1533 | val full=0.5262 rec=0.1750
[033/80] loss=1.164507e-01 | train full=0.4739 rec=0.1370 | val full=0.5700 rec=0.1668
[034/80] loss=1.223243e-01 | train full=0.4693 rec=0.1386 | val full=0.5264 rec=0.1700
[035/80] loss=1.040224e-01 | train full=0.4569 rec=0.1321 | val full=0.5501 rec=0.1604
[036/80] loss=1.041130e-01 | train full=0.4716 rec=0.1365 | val full=0.5184 rec=0.1686
[037/80] loss=1.083630e-01 | train full=0.4449 rec=0.1300 | val full=0.5489 rec=0.1683
[038/80] loss=1.037158e-01 | train full=0.4284 rec=0.1287 | val full=0.5101 rec=0.1675
[039/80] loss=9.767443e-02 | train full=0.4181 rec=0.1285 | val full=0.4950 rec=0.1555
[040/80] loss=9.115304e-02 | train full=0.4098 rec=0.1271 | val full=0.5096 rec=0.1663
[041/80] loss=9.142113e-02 | train full=0.4033 rec=0.1243 | val full=0.4881 rec=0.1591
[042/80] loss=8.824640e-02 | train full=0.4158 rec=0.1233 | val full=0.5369 rec=0.1650
[043/80] loss=9.107660e-02 | train full=0.4095 rec=0.1275 | val full=0.4659 rec=0.1544
[044/80] loss=9.256769e-02 | train full=0.4175 rec=0.1260 | val full=0.5355 rec=0.1707
[045/80] loss=8.555501e-02 | train full=0.3954 rec=0.1203 | val full=0.4839 rec=0.1558
[046/80] loss=8.074535e-02 | train full=0.3873 rec=0.1196 | val full=0.4955 rec=0.1606
[047/80] loss=7.872587e-02 | train full=0.3828 rec=0.1182 | val full=0.4720 rec=0.1571
[048/80] loss=7.804743e-02 | train full=0.3820 rec=0.1164 | val full=0.4950 rec=0.1563
[049/80] loss=7.578387e-02 | train full=0.3784 rec=0.1172 | val full=0.4936 rec=0.1649
[050/80] loss=7.552078e-02 | train full=0.3753 rec=0.1151 | val full=0.4754 rec=0.1499
[051/80] loss=7.592134e-02 | train full=0.3738 rec=0.1138 | val full=0.4799 rec=0.1599
[052/80] loss=7.394170e-02 | train full=0.3759 rec=0.1122 | val full=0.4978 rec=0.1562
[053/80] loss=7.259934e-02 | train full=0.3687 rec=0.1128 | val full=0.4666 rec=0.1594
[054/80] loss=7.280847e-02 | train full=0.3683 rec=0.1109 | val full=0.4857 rec=0.1535
[055/80] loss=7.105084e-02 | train full=0.3627 rec=0.1110 | val full=0.4762 rec=0.1607
[056/80] loss=6.857469e-02 | train full=0.3589 rec=0.1106 | val full=0.4703 rec=0.1543
[057/80] loss=6.794487e-02 | train full=0.3616 rec=0.1097 | val full=0.4525 rec=0.1505
[058/80] loss=6.842526e-02 | train full=0.3650 rec=0.1099 | val full=0.4960 rec=0.1605
[059/80] loss=6.802358e-02 | train full=0.3566 rec=0.1088 | val full=0.4518 rec=0.1531
[060/80] loss=6.865379e-02 | train full=0.3561 rec=0.1073 | val full=0.4800 rec=0.1562
[061/80] loss=6.581260e-02 | train full=0.3526 rec=0.1073 | val full=0.4652 rec=0.1569
[062/80] loss=6.511139e-02 | train full=0.3516 rec=0.1069 | val full=0.4723 rec=0.1553
[063/80] loss=6.444744e-02 | train full=0.3498 rec=0.1065 | val full=0.4590 rec=0.1508
[064/80] loss=6.390814e-02 | train full=0.3492 rec=0.1062 | val full=0.4719 rec=0.1586
[065/80] loss=6.373031e-02 | train full=0.3477 rec=0.1060 | val full=0.4612 rec=0.1515
[066/80] loss=6.265564e-02 | train full=0.3463 rec=0.1054 | val full=0.4607 rec=0.1559
[067/80] loss=6.249107e-02 | train full=0.3457 rec=0.1049 | val full=0.4655 rec=0.1544
[068/80] loss=6.221643e-02 | train full=0.3448 rec=0.1047 | val full=0.4626 rec=0.1536
[069/80] loss=6.182075e-02 | train full=0.3444 rec=0.1046 | val full=0.4667 rec=0.1566
[070/80] loss=6.161498e-02 | train full=0.3439 rec=0.1044 | val full=0.4593 rec=0.1538
[071/80] loss=6.135745e-02 | train full=0.3433 rec=0.1044 | val full=0.4618 rec=0.1547
[072/80] loss=6.122347e-02 | train full=0.3431 rec=0.1043 | val full=0.4639 rec=0.1551
[073/80] loss=6.108806e-02 | train full=0.3428 rec=0.1040 | val full=0.4628 rec=0.1546
[074/80] loss=6.095654e-02 | train full=0.3426 rec=0.1040 | val full=0.4597 rec=0.1541
[075/80] loss=6.087198e-02 | train full=0.3425 rec=0.1039 | val full=0.4599 rec=0.1540
[076/80] loss=6.081820e-02 | train full=0.3424 rec=0.1039 | val full=0.4612 rec=0.1545
[077/80] loss=6.076177e-02 | train full=0.3423 rec=0.1039 | val full=0.4612 rec=0.1546
[078/80] loss=6.073733e-02 | train full=0.3423 rec=0.1039 | val full=0.4616 rec=0.1547
[079/80] loss=6.071487e-02 | train full=0.3423 rec=0.1039 | val full=0.4616 rec=0.1547
[080/80] loss=6.070344e-02 | train full=0.3423 rec=0.1039 | val full=0.4616 rec=0.1547

====================================================================================================
C5.1e MgNO MICRO-OVERFIT SUMMARY
====================================================================================================
initial train full = 0.963940
initial train rec  = 0.245470
best train full    = 0.342286 @ epoch 80
best train rec     = 0.103892
corresponding val  = full 0.461619, rec 0.154673
[FAIL] MgNO-like did not improve full-field capacity.
