====================================================================================================
C5.1c SOURCE-CONDITIONED HIGH-MODE FNO
====================================================================================================
wave_scale = 3.72290883e-02
modes      = 96
width      = 16
depth      = 4
[Dataset] split=train images=1 pairs=8 wave_scale=3.72290883e-02
[Dataset] split=val images=1 pairs=8 wave_scale=3.72290883e-02
parameters = 18,875,986
[001/40] loss=9.632866e-01 | train full=1.0361 rec=0.9929 | val full=1.0361 rec=0.9995
[002/40] loss=9.097698e-01 | train full=1.0146 rec=0.9849 | val full=1.0148 rec=0.9919
[003/40] loss=8.917522e-01 | train full=1.0091 rec=0.9796 | val full=1.0094 rec=0.9897
[004/40] loss=8.838957e-01 | train full=1.0066 rec=0.9751 | val full=1.0069 rec=0.9886
[005/40] loss=8.786617e-01 | train full=1.0052 rec=0.9704 | val full=1.0055 rec=0.9879
[006/40] loss=8.736394e-01 | train full=1.0042 rec=0.9649 | val full=1.0046 rec=0.9869
[007/40] loss=8.685924e-01 | train full=1.0037 rec=0.9583 | val full=1.0042 rec=0.9853
[008/40] loss=8.629681e-01 | train full=1.0034 rec=0.9503 | val full=1.0039 rec=0.9836
[009/40] loss=8.561009e-01 | train full=1.0032 rec=0.9408 | val full=1.0038 rec=0.9812
[010/40] loss=8.488489e-01 | train full=1.0032 rec=0.9301 | val full=1.0038 rec=0.9783
[011/40] loss=8.408330e-01 | train full=1.0030 rec=0.9180 | val full=1.0038 rec=0.9756
[012/40] loss=8.315796e-01 | train full=1.0032 rec=0.9039 | val full=1.0041 rec=0.9722
[013/40] loss=8.209012e-01 | train full=1.0033 rec=0.8872 | val full=1.0043 rec=0.9682
[014/40] loss=8.088674e-01 | train full=1.0034 rec=0.8689 | val full=1.0046 rec=0.9637
[015/40] loss=7.966953e-01 | train full=1.0040 rec=0.8471 | val full=1.0053 rec=0.9588
[016/40] loss=7.817199e-01 | train full=1.0041 rec=0.8225 | val full=1.0056 rec=0.9534
[017/40] loss=7.655298e-01 | train full=1.0044 rec=0.7948 | val full=1.0062 rec=0.9470
[018/40] loss=7.484942e-01 | train full=1.0047 rec=0.7653 | val full=1.0067 rec=0.9406
[019/40] loss=7.295514e-01 | train full=1.0050 rec=0.7337 | val full=1.0073 rec=0.9325
[020/40] loss=7.117455e-01 | train full=1.0053 rec=0.6987 | val full=1.0079 rec=0.9244
[021/40] loss=6.924061e-01 | train full=1.0061 rec=0.6637 | val full=1.0089 rec=0.9141
[022/40] loss=6.746992e-01 | train full=1.0059 rec=0.6303 | val full=1.0091 rec=0.9067
[023/40] loss=6.585393e-01 | train full=1.0059 rec=0.6015 | val full=1.0095 rec=0.8977
[024/40] loss=6.453493e-01 | train full=1.0064 rec=0.5732 | val full=1.0101 rec=0.8876
[025/40] loss=6.324396e-01 | train full=1.0062 rec=0.5470 | val full=1.0102 rec=0.8805
[026/40] loss=6.215731e-01 | train full=1.0060 rec=0.5248 | val full=1.0104 rec=0.8732
[027/40] loss=6.131070e-01 | train full=1.0061 rec=0.5041 | val full=1.0108 rec=0.8649
[028/40] loss=6.039182e-01 | train full=1.0060 rec=0.4855 | val full=1.0110 rec=0.8588
[029/40] loss=5.977378e-01 | train full=1.0058 rec=0.4701 | val full=1.0110 rec=0.8543
[030/40] loss=5.919854e-01 | train full=1.0056 rec=0.4574 | val full=1.0110 rec=0.8501
[031/40] loss=5.869920e-01 | train full=1.0055 rec=0.4459 | val full=1.0111 rec=0.8456
[032/40] loss=5.828763e-01 | train full=1.0054 rec=0.4370 | val full=1.0112 rec=0.8423
[033/40] loss=5.797891e-01 | train full=1.0053 rec=0.4301 | val full=1.0112 rec=0.8395
[034/40] loss=5.775796e-01 | train full=1.0053 rec=0.4247 | val full=1.0113 rec=0.8375
[035/40] loss=5.757619e-01 | train full=1.0052 rec=0.4207 | val full=1.0113 rec=0.8360
[036/40] loss=5.745074e-01 | train full=1.0051 rec=0.4182 | val full=1.0113 rec=0.8351
[037/40] loss=5.737600e-01 | train full=1.0051 rec=0.4165 | val full=1.0114 rec=0.8344
[038/40] loss=5.732439e-01 | train full=1.0051 rec=0.4155 | val full=1.0114 rec=0.8340
[039/40] loss=5.729276e-01 | train full=1.0051 rec=0.4151 | val full=1.0114 rec=0.8338
[040/40] loss=5.728103e-01 | train full=1.0051 rec=0.4150 | val full=1.0114 rec=0.8338

====================================================================================================
C5.1c MICRO-OVERFIT SUMMARY
====================================================================================================
best train full RRMSE = 1.003044 @ epoch 11
best train receiver RRMSE = 0.918004
best val full RRMSE = 1.003820 @ epoch 10
best val receiver RRMSE = 0.978257

[WARN] high-mode FNO did not reach train full RRMSE < 0.20.
Do not scale training yet.
