========================================================================================================================
C5.4d ANO FAILURE DECOMPOSITION
========================================================================================================================
sample            = /home/featurize/work/USCT_repro/USCT_download/c5_wavefield_data/smoke8src_train20_val5/val/test_1.npz
candidate range   = 1460.5760498046875 1540.609619140625
frequency         = 500000.0
CBS config        = 80 300 225.0 PML3

########################################################################################################################
1. EXACT 64-SOURCE CANDIDATE WAVEFIELDS
########################################################################################################################
[CBS] sources 00:08 / 64
[CBS] sources 08:16 / 64
[CBS] sources 16:24 / 64
[CBS] sources 24:32 / 64
[CBS] sources 32:40 / 64
[CBS] sources 40:48 / 64
[CBS] sources 48:56 / 64
[CBS] sources 56:64 / 64

exact64 transmitter alignment vs C5.3 = 0.00000000e+00

########################################################################################################################
2. MgNO-I 64-SOURCE WAVEFIELDS
########################################################################################################################
MgNO config = C24/V6
[MgNO] predicted 8/64
[MgNO] predicted 16/64
[MgNO] predicted 24/64
[MgNO] predicted 32/64
[MgNO] predicted 40/64
[MgNO] predicted 48/64
[MgNO] predicted 56/64
[MgNO] predicted 64/64

SOURCE-WAVEFIELD QUALITY
------------------------------------------------------------------------------------------------------------------------
seen8 full = 0.435451 rec = 0.146879
unseen56 full = 0.445752 rec = 0.160407

MEASUREMENT / RESIDUAL QUALITY
------------------------------------------------------------------------------------------------------------------------
measurement surrogate RRMSE = 0.147418
residual RRMSE              = 0.913930

########################################################################################################################
3. FIXED-CONVENTION ANO ERROR DECOMPOSITION
########################################################################################################################

========================================================================================================================
C5.4d FINAL DECOMPOSITION
========================================================================================================================
method                             raw      crop32     smooth5     smooth9
Exact formula                 1.000000    1.000000    1.000000    1.000000
Neural residual only          0.708246    0.734054    0.891636    0.925035
Neural basis only             0.794514    0.822119    0.918007    0.946019
Full neural ANO               0.495541    0.529281    0.737947    0.802342
Direct autograd               0.186993    0.219368    0.304896    0.376420

DIAGNOSIS
------------------------------------------------------------------------------------------------------------------------
COMPOUND ERROR: individual components remain directionally reasonable, but their errors compound in the full ANO.

full ANO raw cosine = +0.495541

saved JSON = /home/featurize/work/USCT_repro/USCT_download/c5_wavefield_runs/c5_7_fixed8_identify/mgnoII_v2_residual_truebg_e200.json
saved NPZ  = /home/featurize/work/USCT_repro/USCT_download/c5_wavefield_runs/c5_7_fixed8_identify/mgnoII_v2_residual_truebg_e200.npz
