/home/featurize/work/USCT_repro/USCT_download/c6_7_structural_tradeoff_audit_v2.py:425: MatplotlibDeprecationWarning: The 'labels' parameter of boxplot() has been renamed 'tick_labels' since Matplotlib 3.9; support for the old name will be dropped in 3.11.
  plt.boxplot(
/home/featurize/work/USCT_repro/USCT_download/c6_7_structural_tradeoff_audit_v2.py:425: MatplotlibDeprecationWarning: The 'labels' parameter of boxplot() has been renamed 'tick_labels' since Matplotlib 3.9; support for the old name will be dropped in 3.11.
  plt.boxplot(
/home/featurize/work/USCT_repro/USCT_download/c6_7_structural_tradeoff_audit_v2.py:425: MatplotlibDeprecationWarning: The 'labels' parameter of boxplot() has been renamed 'tick_labels' since Matplotlib 3.9; support for the old name will be dropped in 3.11.
  plt.boxplot(
======================================================================================================================================================
C6.7 STRUCTURAL TRADE-OFF AND ERROR REDISTRIBUTION AUDIT
======================================================================================================================================================
runs:
  dev_test1_10: /home/featurize/work/USCT_repro/USCT_download/c6_runs/c7_0_smallstep_dev10_s01875 (10 samples)

======================================================================================================================================================
C6.7 SUMMARY
======================================================================================================================================================

dev_test1_10
------------------------------------------------------------------------------------------------------------------------------------------------------
TGRA ΔMSE mean/median = -0.330110 / -0.237970
TGRA ΔMAE mean/median = -0.018554 / -0.022482
TGRA ΔSSIM mean/median= +0.001318 / +0.001352
TGRA Δp95 |err| mean  = +0.023232 m/s
TGRA Δp99 |err| mean  = -0.222259 m/s
pixel improved/worsened = 55.60% / 44.40%
top10 C4-error MSE gain = +0.546%
bottom90 C4-error MAE gain = +1.219%
TGRA update spectrum low/mid/high = 0.3647 / 0.4346 / 0.2007

combined
------------------------------------------------------------------------------------------------------------------------------------------------------
TGRA ΔMSE mean/median = -0.330110 / -0.237970
TGRA ΔMAE mean/median = -0.018554 / -0.022482
TGRA ΔSSIM mean/median= +0.001318 / +0.001352
TGRA Δp95 |err| mean  = +0.023232 m/s
TGRA Δp99 |err| mean  = -0.222259 m/s
pixel improved/worsened = 55.60% / 44.40%
top10 C4-error MSE gain = +0.546%
bottom90 C4-error MAE gain = +1.219%
TGRA update spectrum low/mid/high = 0.3647 / 0.4346 / 0.2007

saved summary = /home/featurize/work/USCT_repro/USCT_download/c6_runs/c7_0_tradeoff_s01875/summary.json
saved figures = /home/featurize/work/USCT_repro/USCT_download/c6_runs/c7_0_tradeoff_s01875
