/home/featurize/work/USCT_repro/USCT_download/c6_7_structural_tradeoff_audit_v2.py:425: MatplotlibDeprecationWarning: The 'labels' parameter of boxplot() has been renamed 'tick_labels' since Matplotlib 3.9; support for the old name will be dropped in 3.11.
  plt.boxplot(
/home/featurize/work/USCT_repro/USCT_download/c6_7_structural_tradeoff_audit_v2.py:425: MatplotlibDeprecationWarning: The 'labels' parameter of boxplot() has been renamed 'tick_labels' since Matplotlib 3.9; support for the old name will be dropped in 3.11.
  plt.boxplot(
/home/featurize/work/USCT_repro/USCT_download/c6_7_structural_tradeoff_audit_v2.py:425: MatplotlibDeprecationWarning: The 'labels' parameter of boxplot() has been renamed 'tick_labels' since Matplotlib 3.9; support for the old name will be dropped in 3.11.
  plt.boxplot(
======================================================================================================================================================
C6.7 STRUCTURAL TRADE-OFF AND ERROR REDISTRIBUTION AUDIT
======================================================================================================================================================
runs:
  dev_test1_10: /home/featurize/work/USCT_repro/USCT_download/c6_runs/c7_0_smallstep_dev10_s009375 (10 samples)

======================================================================================================================================================
C6.7 SUMMARY
======================================================================================================================================================

dev_test1_10
------------------------------------------------------------------------------------------------------------------------------------------------------
TGRA ΔMSE mean/median = -0.208693 / -0.092213
TGRA ΔMAE mean/median = -0.023242 / -0.023351
TGRA ΔSSIM mean/median= +0.001573 / +0.001678
TGRA Δp95 |err| mean  = +0.026138 m/s
TGRA Δp99 |err| mean  = -0.195541 m/s
pixel improved/worsened = 58.76% / 41.24%
top10 C4-error MSE gain = +0.371%
bottom90 C4-error MAE gain = +1.639%
TGRA update spectrum low/mid/high = 0.3623 / 0.4522 / 0.1855

combined
------------------------------------------------------------------------------------------------------------------------------------------------------
TGRA ΔMSE mean/median = -0.208693 / -0.092213
TGRA ΔMAE mean/median = -0.023242 / -0.023351
TGRA ΔSSIM mean/median= +0.001573 / +0.001678
TGRA Δp95 |err| mean  = +0.026138 m/s
TGRA Δp99 |err| mean  = -0.195541 m/s
pixel improved/worsened = 58.76% / 41.24%
top10 C4-error MSE gain = +0.371%
bottom90 C4-error MAE gain = +1.639%
TGRA update spectrum low/mid/high = 0.3623 / 0.4522 / 0.1855

saved summary = /home/featurize/work/USCT_repro/USCT_download/c6_runs/c7_0_tradeoff_s009375/summary.json
saved figures = /home/featurize/work/USCT_repro/USCT_download/c6_runs/c7_0_tradeoff_s009375
