/home/featurize/work/USCT_repro/USCT_download/c6_7_structural_tradeoff_audit_v2.py:425: MatplotlibDeprecationWarning: The 'labels' parameter of boxplot() has been renamed 'tick_labels' since Matplotlib 3.9; support for the old name will be dropped in 3.11.
  plt.boxplot(
/home/featurize/work/USCT_repro/USCT_download/c6_7_structural_tradeoff_audit_v2.py:425: MatplotlibDeprecationWarning: The 'labels' parameter of boxplot() has been renamed 'tick_labels' since Matplotlib 3.9; support for the old name will be dropped in 3.11.
  plt.boxplot(
/home/featurize/work/USCT_repro/USCT_download/c6_7_structural_tradeoff_audit_v2.py:425: MatplotlibDeprecationWarning: The 'labels' parameter of boxplot() has been renamed 'tick_labels' since Matplotlib 3.9; support for the old name will be dropped in 3.11.
  plt.boxplot(
======================================================================================================================================================
C6.7 STRUCTURAL TRADE-OFF AND ERROR REDISTRIBUTION AUDIT
======================================================================================================================================================
runs:
  dev_test1_10: /home/featurize/work/USCT_repro/USCT_download/c6_runs/c7_0_smallstep_dev10_s0375 (10 samples)

======================================================================================================================================================
C6.7 SUMMARY
======================================================================================================================================================

dev_test1_10
------------------------------------------------------------------------------------------------------------------------------------------------------
TGRA ΔMSE mean/median = -0.530292 / -0.396305
TGRA ΔMAE mean/median = +0.007073 / +0.002341
TGRA ΔSSIM mean/median= +0.000111 / +0.000113
TGRA Δp95 |err| mean  = +0.009820 m/s
TGRA Δp99 |err| mean  = -0.278653 m/s
pixel improved/worsened = 50.57% / 49.43%
top10 C4-error MSE gain = +0.888%
bottom90 C4-error MAE gain = -0.747%
TGRA update spectrum low/mid/high = 0.3694 / 0.3921 / 0.2385

combined
------------------------------------------------------------------------------------------------------------------------------------------------------
TGRA ΔMSE mean/median = -0.530292 / -0.396305
TGRA ΔMAE mean/median = +0.007073 / +0.002341
TGRA ΔSSIM mean/median= +0.000111 / +0.000113
TGRA Δp95 |err| mean  = +0.009820 m/s
TGRA Δp99 |err| mean  = -0.278653 m/s
pixel improved/worsened = 50.57% / 49.43%
top10 C4-error MSE gain = +0.888%
bottom90 C4-error MAE gain = -0.747%
TGRA update spectrum low/mid/high = 0.3694 / 0.3921 / 0.2385

saved summary = /home/featurize/work/USCT_repro/USCT_download/c6_runs/c7_0_tradeoff_s0375/summary.json
saved figures = /home/featurize/work/USCT_repro/USCT_download/c6_runs/c7_0_tradeoff_s0375
