[Dataset] split=train images=1 pairs=8 wave_scale=3.72290883e-02
[Dataset] split=val images=1 pairs=8 wave_scale=3.72290883e-02
====================================================================================================
C5.1d PAPER-LIKE BACKGROUND FNO
====================================================================================================
modes      = 25
width      = 32
depth      = 4
wave_scale = 3.72290883e-02
parameters = 5,125,730

INITIAL train full=0.963940 rec=0.245470
INITIAL val   full=0.985249 rec=0.246849
[001/60] loss=4.742066e-01 | train full=0.9574 rec=0.2438 | val full=0.9787 rec=0.2454
[002/60] loss=4.654517e-01 | train full=0.9451 rec=0.2403 | val full=0.9664 rec=0.2426
[003/60] loss=4.505994e-01 | train full=0.9264 rec=0.2342 | val full=0.9480 rec=0.2381
[004/60] loss=4.304472e-01 | train full=0.9020 rec=0.2254 | val full=0.9246 rec=0.2322
[005/60] loss=4.055677e-01 | train full=0.8719 rec=0.2143 | val full=0.8966 rec=0.2264
[006/60] loss=3.767773e-01 | train full=0.8375 rec=0.2012 | val full=0.8649 rec=0.2203
[007/60] loss=3.461145e-01 | train full=0.7996 rec=0.1878 | val full=0.8310 rec=0.2144
[008/60] loss=3.139299e-01 | train full=0.7604 rec=0.1731 | val full=0.7958 rec=0.2094
[009/60] loss=2.829094e-01 | train full=0.7202 rec=0.1579 | val full=0.7616 rec=0.2016
[010/60] loss=2.542663e-01 | train full=0.6843 rec=0.1432 | val full=0.7288 rec=0.1941
[011/60] loss=2.267115e-01 | train full=0.6431 rec=0.1280 | val full=0.6975 rec=0.1900
[012/60] loss=2.032377e-01 | train full=0.6134 rec=0.1172 | val full=0.6784 rec=0.1852
[013/60] loss=1.829502e-01 | train full=0.5771 rec=0.1030 | val full=0.6482 rec=0.1790
[014/60] loss=1.664557e-01 | train full=0.5542 rec=0.0957 | val full=0.6266 rec=0.1746
[015/60] loss=1.497985e-01 | train full=0.5262 rec=0.0860 | val full=0.6142 rec=0.1736
[016/60] loss=1.372391e-01 | train full=0.5024 rec=0.0773 | val full=0.5975 rec=0.1711
[017/60] loss=1.290430e-01 | train full=0.4938 rec=0.0777 | val full=0.5830 rec=0.1685
[018/60] loss=1.197202e-01 | train full=0.4702 rec=0.0673 | val full=0.5786 rec=0.1686
[019/60] loss=1.134239e-01 | train full=0.4579 rec=0.0641 | val full=0.5742 rec=0.1692
[020/60] loss=1.074108e-01 | train full=0.4469 rec=0.0601 | val full=0.5649 rec=0.1680
[021/60] loss=1.010710e-01 | train full=0.4361 rec=0.0554 | val full=0.5635 rec=0.1662
[022/60] loss=9.536810e-02 | train full=0.4244 rec=0.0507 | val full=0.5547 rec=0.1656
[023/60] loss=9.180067e-02 | train full=0.4148 rec=0.0472 | val full=0.5528 rec=0.1655
[024/60] loss=8.888913e-02 | train full=0.4093 rec=0.0494 | val full=0.5525 rec=0.1654
[025/60] loss=8.460578e-02 | train full=0.3991 rec=0.0445 | val full=0.5506 rec=0.1655
[026/60] loss=8.164155e-02 | train full=0.3921 rec=0.0418 | val full=0.5503 rec=0.1677
[027/60] loss=7.813352e-02 | train full=0.3842 rec=0.0405 | val full=0.5450 rec=0.1648
[028/60] loss=7.544222e-02 | train full=0.3766 rec=0.0386 | val full=0.5444 rec=0.1646
[029/60] loss=7.206184e-02 | train full=0.3699 rec=0.0384 | val full=0.5443 rec=0.1656
[030/60] loss=7.025813e-02 | train full=0.3628 rec=0.0341 | val full=0.5420 rec=0.1658
[031/60] loss=6.851263e-02 | train full=0.3608 rec=0.0400 | val full=0.5397 rec=0.1637
[032/60] loss=6.627211e-02 | train full=0.3557 rec=0.0386 | val full=0.5410 rec=0.1660
[033/60] loss=6.330538e-02 | train full=0.3479 rec=0.0340 | val full=0.5426 rec=0.1668
[034/60] loss=6.108353e-02 | train full=0.3421 rec=0.0312 | val full=0.5396 rec=0.1650
[035/60] loss=5.901539e-02 | train full=0.3388 rec=0.0316 | val full=0.5346 rec=0.1642
[036/60] loss=5.706592e-02 | train full=0.3333 rec=0.0309 | val full=0.5413 rec=0.1661
[037/60] loss=5.550968e-02 | train full=0.3277 rec=0.0296 | val full=0.5396 rec=0.1657
[038/60] loss=5.408762e-02 | train full=0.3232 rec=0.0274 | val full=0.5354 rec=0.1647
[039/60] loss=5.296301e-02 | train full=0.3198 rec=0.0269 | val full=0.5338 rec=0.1648
[040/60] loss=5.220123e-02 | train full=0.3169 rec=0.0275 | val full=0.5370 rec=0.1658
[041/60] loss=5.087501e-02 | train full=0.3139 rec=0.0262 | val full=0.5352 rec=0.1652
[042/60] loss=4.966937e-02 | train full=0.3109 rec=0.0256 | val full=0.5332 rec=0.1652
[043/60] loss=4.879794e-02 | train full=0.3082 rec=0.0255 | val full=0.5366 rec=0.1657
[044/60] loss=4.780195e-02 | train full=0.3056 rec=0.0251 | val full=0.5347 rec=0.1651
[045/60] loss=4.700966e-02 | train full=0.3035 rec=0.0243 | val full=0.5346 rec=0.1654
[046/60] loss=4.637510e-02 | train full=0.3018 rec=0.0239 | val full=0.5347 rec=0.1657
[047/60] loss=4.596624e-02 | train full=0.3001 rec=0.0237 | val full=0.5345 rec=0.1657
[048/60] loss=4.525144e-02 | train full=0.2988 rec=0.0234 | val full=0.5341 rec=0.1654
[049/60] loss=4.504324e-02 | train full=0.2978 rec=0.0233 | val full=0.5357 rec=0.1658
[050/60] loss=4.451077e-02 | train full=0.2970 rec=0.0234 | val full=0.5333 rec=0.1654
[051/60] loss=4.427040e-02 | train full=0.2959 rec=0.0231 | val full=0.5344 rec=0.1658
[052/60] loss=4.396960e-02 | train full=0.2953 rec=0.0230 | val full=0.5343 rec=0.1657
[053/60] loss=4.379200e-02 | train full=0.2948 rec=0.0229 | val full=0.5351 rec=0.1660
[054/60] loss=4.362240e-02 | train full=0.2943 rec=0.0228 | val full=0.5342 rec=0.1657
[055/60] loss=4.344674e-02 | train full=0.2941 rec=0.0228 | val full=0.5340 rec=0.1657
[056/60] loss=4.335010e-02 | train full=0.2939 rec=0.0228 | val full=0.5341 rec=0.1658
[057/60] loss=4.329011e-02 | train full=0.2937 rec=0.0228 | val full=0.5342 rec=0.1658
[058/60] loss=4.324995e-02 | train full=0.2937 rec=0.0227 | val full=0.5342 rec=0.1658
[059/60] loss=4.322065e-02 | train full=0.2936 rec=0.0227 | val full=0.5343 rec=0.1658
[060/60] loss=4.321087e-02 | train full=0.2936 rec=0.0227 | val full=0.5343 rec=0.1658

====================================================================================================
C5.1d MICRO-OVERFIT SUMMARY
====================================================================================================
initial train full = 0.963940
initial train rec  = 0.245470
best train full    = 0.293617 @ epoch 60
best train rec     = 0.022737
corresponding val  = full 0.534286, rec 0.165802
[PARTIAL] FNO-BG beats simple baselines but is not yet sufficient.
