[Dataset] split=train images=1 pairs=8 wave_scale=3.72290883e-02
====================================================================================================
C5.1g SINGLE-PAIR FNO-BG CAPACITY AUDIT
====================================================================================================
source_idx  = 3
modes       = 25
width       = 32
depth       = 4
parameters  = 5,125,730
wave_scale  = 3.72290883e-02
steps       = 2000
lr          = 0.001

INITIAL full=0.932430 receiver=0.230658
[0001/2000] loss=4.472173e-01 lr=1.000e-03 | full=0.930904 rec=0.230228
[0025/2000] loss=2.035833e-01 lr=9.996e-04 | full=0.608232 rec=0.187956
[0050/2000] loss=1.395548e-02 lr=9.985e-04 | full=0.155465 rec=0.135835
[0075/2000] loss=4.035419e-03 lr=9.966e-04 | full=0.087083 rec=0.042239
[0100/2000] loss=2.082246e-03 lr=9.939e-04 | full=0.063155 rec=0.021566
[0125/2000] loss=1.338724e-03 lr=9.905e-04 | full=0.050735 rec=0.016648
[0150/2000] loss=1.060473e-03 lr=9.863e-04 | full=0.044762 rec=0.014694
[0175/2000] loss=8.312835e-04 lr=9.814e-04 | full=0.040643 rec=0.013596
[0200/2000] loss=7.207339e-04 lr=9.758e-04 | full=0.038256 rec=0.012928
[0225/2000] loss=6.238287e-04 lr=9.694e-04 | full=0.034486 rec=0.011982
[0250/2000] loss=5.586703e-04 lr=9.623e-04 | full=0.034207 rec=0.011179
[0275/2000] loss=4.714363e-04 lr=9.545e-04 | full=0.030144 rec=0.010398
[0300/2000] loss=5.582516e-04 lr=9.460e-04 | full=0.030937 rec=0.009555
[0325/2000] loss=3.620126e-04 lr=9.369e-04 | full=0.026575 rec=0.008563
[0350/2000] loss=3.438520e-04 lr=9.271e-04 | full=0.026762 rec=0.008550
[0375/2000] loss=3.110880e-04 lr=9.166e-04 | full=0.024685 rec=0.007795
[0400/2000] loss=2.609321e-04 lr=9.055e-04 | full=0.022495 rec=0.007353
[0425/2000] loss=3.591302e-04 lr=8.937e-04 | full=0.029666 rec=0.007969
[0450/2000] loss=2.312720e-04 lr=8.814e-04 | full=0.021112 rec=0.006554
[0475/2000] loss=1.984834e-04 lr=8.685e-04 | full=0.019580 rec=0.006107
[0500/2000] loss=2.222341e-04 lr=8.550e-04 | full=0.022158 rec=0.006707
[0525/2000] loss=1.774191e-04 lr=8.410e-04 | full=0.018791 rec=0.005732
[0550/2000] loss=1.598628e-04 lr=8.265e-04 | full=0.017578 rec=0.005494
[0575/2000] loss=1.525360e-04 lr=8.115e-04 | full=0.017292 rec=0.005234
[0600/2000] loss=1.431214e-04 lr=7.960e-04 | full=0.017294 rec=0.005178
[0625/2000] loss=1.314213e-04 lr=7.800e-04 | full=0.015994 rec=0.004916
[0650/2000] loss=1.339700e-04 lr=7.636e-04 | full=0.016109 rec=0.004747
[0675/2000] loss=1.208887e-04 lr=7.469e-04 | full=0.015278 rec=0.004633
[0700/2000] loss=1.264452e-04 lr=7.297e-04 | full=0.016000 rec=0.004947
[0725/2000] loss=1.095843e-04 lr=7.122e-04 | full=0.014629 rec=0.004450
[0750/2000] loss=1.046042e-04 lr=6.944e-04 | full=0.014252 rec=0.004407
[0775/2000] loss=1.154774e-04 lr=6.763e-04 | full=0.014332 rec=0.004314
[0800/2000] loss=9.598929e-05 lr=6.580e-04 | full=0.013612 rec=0.004224
[0825/2000] loss=9.118456e-05 lr=6.394e-04 | full=0.013310 rec=0.004158
[0850/2000] loss=8.963337e-05 lr=6.206e-04 | full=0.013229 rec=0.004114
[0875/2000] loss=8.713224e-05 lr=6.016e-04 | full=0.012982 rec=0.004064
[0900/2000] loss=8.219708e-05 lr=5.824e-04 | full=0.012632 rec=0.003966
[0925/2000] loss=7.959674e-05 lr=5.632e-04 | full=0.012433 rec=0.003941
[0950/2000] loss=7.763441e-05 lr=5.438e-04 | full=0.012261 rec=0.003893
[0975/2000] loss=7.503942e-05 lr=5.244e-04 | full=0.012069 rec=0.003835
[1000/2000] loss=7.293821e-05 lr=5.050e-04 | full=0.011902 rec=0.003787
[1025/2000] loss=7.105276e-05 lr=4.856e-04 | full=0.011747 rec=0.003746
[1050/2000] loss=6.934616e-05 lr=4.662e-04 | full=0.011604 rec=0.003712
[1075/2000] loss=6.765066e-05 lr=4.468e-04 | full=0.011464 rec=0.003679
[1100/2000] loss=6.612156e-05 lr=4.276e-04 | full=0.011334 rec=0.003643
[1125/2000] loss=6.471886e-05 lr=4.084e-04 | full=0.011211 rec=0.003624
[1150/2000] loss=6.339396e-05 lr=3.894e-04 | full=0.011097 rec=0.003589
[1175/2000] loss=6.216744e-05 lr=3.706e-04 | full=0.010989 rec=0.003558
[1200/2000] loss=6.102317e-05 lr=3.520e-04 | full=0.010888 rec=0.003523
[1225/2000] loss=5.996706e-05 lr=3.337e-04 | full=0.010793 rec=0.003505
[1250/2000] loss=5.897095e-05 lr=3.156e-04 | full=0.010704 rec=0.003485
[1275/2000] loss=5.805909e-05 lr=2.978e-04 | full=0.010621 rec=0.003464
[1300/2000] loss=5.719432e-05 lr=2.803e-04 | full=0.010542 rec=0.003433
[1325/2000] loss=5.640990e-05 lr=2.631e-04 | full=0.010469 rec=0.003416
[1350/2000] loss=5.567537e-05 lr=2.464e-04 | full=0.010401 rec=0.003400
[1375/2000] loss=5.500233e-05 lr=2.300e-04 | full=0.010337 rec=0.003383
[1400/2000] loss=5.436415e-05 lr=2.140e-04 | full=0.010278 rec=0.003365
[1425/2000] loss=5.379180e-05 lr=1.985e-04 | full=0.010224 rec=0.003350
[1450/2000] loss=5.325972e-05 lr=1.835e-04 | full=0.010173 rec=0.003335
[1475/2000] loss=5.275927e-05 lr=1.690e-04 | full=0.010126 rec=0.003316
[1500/2000] loss=5.231259e-05 lr=1.550e-04 | full=0.010083 rec=0.003307
[1525/2000] loss=5.190431e-05 lr=1.415e-04 | full=0.010044 rec=0.003295
[1550/2000] loss=5.153143e-05 lr=1.286e-04 | full=0.010007 rec=0.003289
[1575/2000] loss=5.118176e-05 lr=1.163e-04 | full=0.009974 rec=0.003281
[1600/2000] loss=5.088608e-05 lr=1.045e-04 | full=0.009945 rec=0.003273
[1625/2000] loss=5.060446e-05 lr=9.342e-05 | full=0.009918 rec=0.003265
[1650/2000] loss=5.036345e-05 lr=8.294e-05 | full=0.009894 rec=0.003254
[1675/2000] loss=5.014418e-05 lr=7.311e-05 | full=0.009873 rec=0.003251
[1700/2000] loss=4.995079e-05 lr=6.395e-05 | full=0.009853 rec=0.003250
[1725/2000] loss=4.977809e-05 lr=5.547e-05 | full=0.009837 rec=0.003237
[1750/2000] loss=4.962855e-05 lr=4.768e-05 | full=0.009822 rec=0.003233
[1775/2000] loss=4.950173e-05 lr=4.060e-05 | full=0.009809 rec=0.003233
[1800/2000] loss=4.939806e-05 lr=3.423e-05 | full=0.009799 rec=0.003227
[1825/2000] loss=4.930710e-05 lr=2.858e-05 | full=0.009790 rec=0.003228
[1850/2000] loss=4.923237e-05 lr=2.368e-05 | full=0.009783 rec=0.003227
[1875/2000] loss=4.916445e-05 lr=1.951e-05 | full=0.009776 rec=0.003228
[1900/2000] loss=4.911185e-05 lr=1.609e-05 | full=0.009771 rec=0.003224
[1925/2000] loss=4.906889e-05 lr=1.343e-05 | full=0.009767 rec=0.003224
[1950/2000] loss=4.903159e-05 lr=1.153e-05 | full=0.009763 rec=0.003218
[1975/2000] loss=4.899844e-05 lr=1.038e-05 | full=0.009760 rec=0.003218
[2000/2000] loss=4.896496e-05 lr=1.000e-05 | full=0.009757 rec=0.003216

====================================================================================================
C5.1g SINGLE-PAIR CAPACITY SUMMARY
====================================================================================================
initial full = 0.932430
best full    = 0.009757 @ step 2000
best rec     = 0.003216
[STRONG PASS] single-wavefield capacity confirmed.
