[Dataset] split=train images=1 pairs=8 wave_scale=3.72290883e-02
====================================================================================================
C5.1g SINGLE-PAIR FNO-BG CAPACITY AUDIT
====================================================================================================
source_idx  = 5
modes       = 25
width       = 32
depth       = 4
parameters  = 5,125,730
wave_scale  = 3.72290883e-02
steps       = 2000
lr          = 0.001

INITIAL full=0.933674 receiver=0.226679
[0001/2000] loss=4.499902e-01 lr=1.000e-03 | full=0.932140 rec=0.226228
[0025/2000] loss=2.110674e-01 lr=9.996e-04 | full=0.619840 rec=0.181792
[0050/2000] loss=1.397138e-02 lr=9.985e-04 | full=0.151912 rec=0.117999
[0075/2000] loss=3.778053e-03 lr=9.966e-04 | full=0.084439 rec=0.038320
[0100/2000] loss=1.880548e-03 lr=9.939e-04 | full=0.059536 rec=0.025982
[0125/2000] loss=1.173767e-03 lr=9.905e-04 | full=0.047338 rec=0.020401
[0150/2000] loss=1.016202e-03 lr=9.863e-04 | full=0.044277 rec=0.017231
[0175/2000] loss=7.014513e-04 lr=9.814e-04 | full=0.036753 rec=0.016037
[0200/2000] loss=7.492717e-04 lr=9.758e-04 | full=0.037740 rec=0.015118
[0225/2000] loss=5.174758e-04 lr=9.694e-04 | full=0.031461 rec=0.013588
[0250/2000] loss=6.731902e-04 lr=9.623e-04 | full=0.037780 rec=0.013779
[0275/2000] loss=4.037408e-04 lr=9.545e-04 | full=0.028133 rec=0.011464
[0300/2000] loss=3.679590e-04 lr=9.460e-04 | full=0.027168 rec=0.010864
[0325/2000] loss=4.643508e-04 lr=9.369e-04 | full=0.033659 rec=0.011202
[0350/2000] loss=3.216261e-04 lr=9.271e-04 | full=0.024659 rec=0.009517
[0375/2000] loss=2.614825e-04 lr=9.166e-04 | full=0.022426 rec=0.008806
[0400/2000] loss=2.598380e-04 lr=9.055e-04 | full=0.023051 rec=0.008184
[0425/2000] loss=2.383727e-04 lr=8.937e-04 | full=0.022505 rec=0.008151
[0450/2000] loss=1.951219e-04 lr=8.814e-04 | full=0.019456 rec=0.007284
[0475/2000] loss=3.174391e-04 lr=8.685e-04 | full=0.026905 rec=0.007630
[0500/2000] loss=1.645820e-04 lr=8.550e-04 | full=0.017820 rec=0.006371
[0525/2000] loss=1.475773e-04 lr=8.410e-04 | full=0.016881 rec=0.006084
[0550/2000] loss=1.509353e-04 lr=8.265e-04 | full=0.017235 rec=0.005897
[0575/2000] loss=2.116131e-04 lr=8.115e-04 | full=0.019745 rec=0.006619
[0600/2000] loss=1.216030e-04 lr=7.960e-04 | full=0.015245 rec=0.005351
[0625/2000] loss=1.200712e-04 lr=7.800e-04 | full=0.016101 rec=0.005369
[0650/2000] loss=1.063697e-04 lr=7.636e-04 | full=0.014362 rec=0.004957
[0675/2000] loss=1.232099e-04 lr=7.469e-04 | full=0.015729 rec=0.004963
[0700/2000] loss=9.950325e-05 lr=7.297e-04 | full=0.013905 rec=0.004681
[0725/2000] loss=9.121347e-05 lr=7.122e-04 | full=0.013282 rec=0.004440
[0750/2000] loss=1.113688e-04 lr=6.944e-04 | full=0.014935 rec=0.004607
[0775/2000] loss=8.602411e-05 lr=6.763e-04 | full=0.012871 rec=0.004108
[0800/2000] loss=8.067557e-05 lr=6.580e-04 | full=0.012482 rec=0.004092
[0825/2000] loss=7.734993e-05 lr=6.394e-04 | full=0.012230 rec=0.003974
[0850/2000] loss=7.408199e-05 lr=6.206e-04 | full=0.011972 rec=0.003824
[0875/2000] loss=7.257382e-05 lr=6.016e-04 | full=0.011869 rec=0.003821
[0900/2000] loss=7.883082e-05 lr=5.824e-04 | full=0.012230 rec=0.003679
[0925/2000] loss=6.743948e-05 lr=5.632e-04 | full=0.011416 rec=0.003587
[0950/2000] loss=6.501935e-05 lr=5.438e-04 | full=0.011216 rec=0.003513
[0975/2000] loss=6.317575e-05 lr=5.244e-04 | full=0.011056 rec=0.003438
[1000/2000] loss=6.140709e-05 lr=5.050e-04 | full=0.010900 rec=0.003378
[1025/2000] loss=5.979585e-05 lr=4.856e-04 | full=0.010757 rec=0.003314
[1050/2000] loss=5.831740e-05 lr=4.662e-04 | full=0.010624 rec=0.003264
[1075/2000] loss=5.695100e-05 lr=4.468e-04 | full=0.010498 rec=0.003215
[1100/2000] loss=5.566372e-05 lr=4.276e-04 | full=0.010380 rec=0.003165
[1125/2000] loss=5.448113e-05 lr=4.084e-04 | full=0.010270 rec=0.003131
[1150/2000] loss=5.337947e-05 lr=3.894e-04 | full=0.010165 rec=0.003090
[1175/2000] loss=5.235838e-05 lr=3.706e-04 | full=0.010067 rec=0.003057
[1200/2000] loss=5.140646e-05 lr=3.520e-04 | full=0.009976 rec=0.003022
[1225/2000] loss=5.052899e-05 lr=3.337e-04 | full=0.009890 rec=0.002991
[1250/2000] loss=4.971356e-05 lr=3.156e-04 | full=0.009810 rec=0.002960
[1275/2000] loss=4.894306e-05 lr=2.978e-04 | full=0.009735 rec=0.002941
[1300/2000] loss=4.823552e-05 lr=2.803e-04 | full=0.009664 rec=0.002919
[1325/2000] loss=4.757717e-05 lr=2.631e-04 | full=0.009598 rec=0.002887
[1350/2000] loss=4.696948e-05 lr=2.464e-04 | full=0.009536 rec=0.002878
[1375/2000] loss=4.640353e-05 lr=2.300e-04 | full=0.009479 rec=0.002861
[1400/2000] loss=4.588803e-05 lr=2.140e-04 | full=0.009426 rec=0.002844
[1425/2000] loss=4.541153e-05 lr=1.985e-04 | full=0.009378 rec=0.002825
[1450/2000] loss=4.497599e-05 lr=1.835e-04 | full=0.009333 rec=0.002814
[1475/2000] loss=4.456423e-05 lr=1.690e-04 | full=0.009290 rec=0.002794
[1500/2000] loss=4.419815e-05 lr=1.550e-04 | full=0.009252 rec=0.002788
[1525/2000] loss=4.386469e-05 lr=1.415e-04 | full=0.009217 rec=0.002782
[1550/2000] loss=4.355967e-05 lr=1.286e-04 | full=0.009185 rec=0.002774
[1575/2000] loss=4.327132e-05 lr=1.163e-04 | full=0.009155 rec=0.002766
[1600/2000] loss=4.302570e-05 lr=1.045e-04 | full=0.009129 rec=0.002760
[1625/2000] loss=4.280406e-05 lr=9.342e-05 | full=0.009105 rec=0.002747
[1650/2000] loss=4.260233e-05 lr=8.294e-05 | full=0.009084 rec=0.002741
[1675/2000] loss=4.242490e-05 lr=7.311e-05 | full=0.009065 rec=0.002740
[1700/2000] loss=4.226644e-05 lr=6.395e-05 | full=0.009048 rec=0.002742
[1725/2000] loss=4.212755e-05 lr=5.547e-05 | full=0.009033 rec=0.002728
[1750/2000] loss=4.200826e-05 lr=4.768e-05 | full=0.009021 rec=0.002723
[1775/2000] loss=4.190156e-05 lr=4.060e-05 | full=0.009009 rec=0.002723
[1800/2000] loss=4.181220e-05 lr=3.423e-05 | full=0.009000 rec=0.002719
[1825/2000] loss=4.173924e-05 lr=2.858e-05 | full=0.008992 rec=0.002715
[1850/2000] loss=4.167632e-05 lr=2.368e-05 | full=0.008985 rec=0.002717
[1875/2000] loss=4.162270e-05 lr=1.951e-05 | full=0.008979 rec=0.002712
[1900/2000] loss=4.158085e-05 lr=1.609e-05 | full=0.008975 rec=0.002713
[1925/2000] loss=4.154167e-05 lr=1.343e-05 | full=0.008971 rec=0.002710
[1950/2000] loss=4.151037e-05 lr=1.153e-05 | full=0.008967 rec=0.002712
[1975/2000] loss=4.148422e-05 lr=1.038e-05 | full=0.008965 rec=0.002711
[2000/2000] loss=4.146089e-05 lr=1.000e-05 | full=0.008962 rec=0.002708

====================================================================================================
C5.1g SINGLE-PAIR CAPACITY SUMMARY
====================================================================================================
initial full = 0.933674
best full    = 0.008962 @ step 2000
best rec     = 0.002708
[STRONG PASS] single-wavefield capacity confirmed.
