[Dataset] split=train images=1 pairs=8 wave_scale=3.72290883e-02
====================================================================================================
C5.1g SINGLE-PAIR FNO-BG CAPACITY AUDIT
====================================================================================================
source_idx  = 1
modes       = 25
width       = 32
depth       = 4
parameters  = 5,125,730
wave_scale  = 3.72290883e-02
steps       = 2000
lr          = 0.001

INITIAL full=0.934340 receiver=0.265441
[0001/2000] loss=4.501470e-01 lr=1.000e-03 | full=0.932870 rec=0.265161
[0025/2000] loss=2.033783e-01 lr=9.996e-04 | full=0.606312 rec=0.203195
[0050/2000] loss=9.241208e-03 lr=9.985e-04 | full=0.123476 rec=0.121965
[0075/2000] loss=2.606070e-03 lr=9.966e-04 | full=0.070228 rec=0.049582
[0100/2000] loss=1.486873e-03 lr=9.939e-04 | full=0.052919 rec=0.015473
[0125/2000] loss=9.780759e-04 lr=9.905e-04 | full=0.043984 rec=0.012297
[0150/2000] loss=7.600515e-04 lr=9.863e-04 | full=0.038154 rec=0.010807
[0175/2000] loss=9.613984e-04 lr=9.814e-04 | full=0.048406 rec=0.012742
[0200/2000] loss=5.224591e-04 lr=9.758e-04 | full=0.031483 rec=0.009328
[0225/2000] loss=4.302695e-04 lr=9.694e-04 | full=0.028799 rec=0.008373
[0250/2000] loss=4.143142e-04 lr=9.623e-04 | full=0.028731 rec=0.008182
[0275/2000] loss=3.572457e-04 lr=9.545e-04 | full=0.026636 rec=0.007223
[0300/2000] loss=3.065502e-04 lr=9.460e-04 | full=0.024338 rec=0.006356
[0325/2000] loss=3.098950e-04 lr=9.369e-04 | full=0.024489 rec=0.006168
[0350/2000] loss=2.499073e-04 lr=9.271e-04 | full=0.021998 rec=0.005618
[0375/2000] loss=3.271102e-04 lr=9.166e-04 | full=0.025031 rec=0.006287
[0400/2000] loss=2.096014e-04 lr=9.055e-04 | full=0.020296 rec=0.005179
[0425/2000] loss=2.076463e-04 lr=8.937e-04 | full=0.020615 rec=0.004868
[0450/2000] loss=1.819562e-04 lr=8.814e-04 | full=0.018804 rec=0.004734
[0475/2000] loss=1.686971e-04 lr=8.685e-04 | full=0.017926 rec=0.004505
[0500/2000] loss=1.521144e-04 lr=8.550e-04 | full=0.017215 rec=0.004410
[0525/2000] loss=2.541548e-04 lr=8.410e-04 | full=0.023455 rec=0.005873
[0550/2000] loss=1.394715e-04 lr=8.265e-04 | full=0.016373 rec=0.004255
[0575/2000] loss=1.235443e-04 lr=8.115e-04 | full=0.015467 rec=0.004025
[0600/2000] loss=1.160265e-04 lr=7.960e-04 | full=0.015001 rec=0.003895
[0625/2000] loss=1.318653e-04 lr=7.800e-04 | full=0.017184 rec=0.004459
[0650/2000] loss=1.059822e-04 lr=7.636e-04 | full=0.014329 rec=0.003753
[0675/2000] loss=1.000175e-04 lr=7.469e-04 | full=0.013930 rec=0.003687
[0700/2000] loss=1.008333e-04 lr=7.297e-04 | full=0.014350 rec=0.003893
[0725/2000] loss=9.063185e-05 lr=7.122e-04 | full=0.013265 rec=0.003540
[0750/2000] loss=8.695023e-05 lr=6.944e-04 | full=0.012970 rec=0.003447
[0775/2000] loss=9.056391e-05 lr=6.763e-04 | full=0.013230 rec=0.003454
[0800/2000] loss=8.018150e-05 lr=6.580e-04 | full=0.012465 rec=0.003329
[0825/2000] loss=8.629254e-05 lr=6.394e-04 | full=0.012940 rec=0.003329
[0850/2000] loss=7.442959e-05 lr=6.206e-04 | full=0.012010 rec=0.003250
[0875/2000] loss=7.105577e-05 lr=6.016e-04 | full=0.011738 rec=0.003170
[0900/2000] loss=6.948218e-05 lr=5.824e-04 | full=0.011601 rec=0.003090
[0925/2000] loss=6.655848e-05 lr=5.632e-04 | full=0.011362 rec=0.003060
[0950/2000] loss=6.444570e-05 lr=5.438e-04 | full=0.011168 rec=0.003003
[0975/2000] loss=6.253062e-05 lr=5.244e-04 | full=0.011006 rec=0.002954
[1000/2000] loss=6.076827e-05 lr=5.050e-04 | full=0.010850 rec=0.002924
[1025/2000] loss=5.914329e-05 lr=4.856e-04 | full=0.010704 rec=0.002871
[1050/2000] loss=5.770064e-05 lr=4.662e-04 | full=0.010572 rec=0.002818
[1075/2000] loss=5.632411e-05 lr=4.468e-04 | full=0.010445 rec=0.002788
[1100/2000] loss=5.500628e-05 lr=4.276e-04 | full=0.010324 rec=0.002753
[1125/2000] loss=5.382467e-05 lr=4.084e-04 | full=0.010213 rec=0.002715
[1150/2000] loss=5.271318e-05 lr=3.894e-04 | full=0.010107 rec=0.002676
[1175/2000] loss=5.168394e-05 lr=3.706e-04 | full=0.010008 rec=0.002658
[1200/2000] loss=5.072923e-05 lr=3.520e-04 | full=0.009915 rec=0.002629
[1225/2000] loss=4.984009e-05 lr=3.337e-04 | full=0.009828 rec=0.002588
[1250/2000] loss=4.900976e-05 lr=3.156e-04 | full=0.009747 rec=0.002567
[1275/2000] loss=4.825142e-05 lr=2.978e-04 | full=0.009670 rec=0.002539
[1300/2000] loss=4.753203e-05 lr=2.803e-04 | full=0.009599 rec=0.002517
[1325/2000] loss=4.688065e-05 lr=2.631e-04 | full=0.009533 rec=0.002501
[1350/2000] loss=4.626634e-05 lr=2.464e-04 | full=0.009470 rec=0.002483
[1375/2000] loss=4.570338e-05 lr=2.300e-04 | full=0.009412 rec=0.002453
[1400/2000] loss=4.518406e-05 lr=2.140e-04 | full=0.009358 rec=0.002442
[1425/2000] loss=4.470272e-05 lr=1.985e-04 | full=0.009309 rec=0.002428
[1450/2000] loss=4.426594e-05 lr=1.835e-04 | full=0.009263 rec=0.002414
[1475/2000] loss=4.385016e-05 lr=1.690e-04 | full=0.009220 rec=0.002398
[1500/2000] loss=4.348725e-05 lr=1.550e-04 | full=0.009181 rec=0.002380
[1525/2000] loss=4.314830e-05 lr=1.415e-04 | full=0.009146 rec=0.002374
[1550/2000] loss=4.283593e-05 lr=1.286e-04 | full=0.009113 rec=0.002366
[1575/2000] loss=4.255654e-05 lr=1.163e-04 | full=0.009084 rec=0.002356
[1600/2000] loss=4.230407e-05 lr=1.045e-04 | full=0.009057 rec=0.002346
[1625/2000] loss=4.208314e-05 lr=9.342e-05 | full=0.009033 rec=0.002344
[1650/2000] loss=4.187879e-05 lr=8.294e-05 | full=0.009011 rec=0.002334
[1675/2000] loss=4.170123e-05 lr=7.311e-05 | full=0.008992 rec=0.002329
[1700/2000] loss=4.153894e-05 lr=6.395e-05 | full=0.008975 rec=0.002323
[1725/2000] loss=4.140510e-05 lr=5.547e-05 | full=0.008960 rec=0.002317
[1750/2000] loss=4.128715e-05 lr=4.768e-05 | full=0.008948 rec=0.002317
[1775/2000] loss=4.117756e-05 lr=4.060e-05 | full=0.008936 rec=0.002311
[1800/2000] loss=4.108648e-05 lr=3.423e-05 | full=0.008926 rec=0.002304
[1825/2000] loss=4.101061e-05 lr=2.858e-05 | full=0.008918 rec=0.002302
[1850/2000] loss=4.095204e-05 lr=2.368e-05 | full=0.008912 rec=0.002306
[1875/2000] loss=4.089893e-05 lr=1.951e-05 | full=0.008906 rec=0.002305
[1900/2000] loss=4.085365e-05 lr=1.609e-05 | full=0.008901 rec=0.002304
[1925/2000] loss=4.081763e-05 lr=1.343e-05 | full=0.008897 rec=0.002304
[1950/2000] loss=4.078700e-05 lr=1.153e-05 | full=0.008894 rec=0.002303
[1975/2000] loss=4.076140e-05 lr=1.038e-05 | full=0.008891 rec=0.002304
[2000/2000] loss=4.073567e-05 lr=1.000e-05 | full=0.008888 rec=0.002299

====================================================================================================
C5.1g SINGLE-PAIR CAPACITY SUMMARY
====================================================================================================
initial full = 0.934340
best full    = 0.008888 @ step 2000
best rec     = 0.002299
[STRONG PASS] single-wavefield capacity confirmed.
